Archive member included to satisfy reference by file (symbol)

c:/st/stm32cubeide_1.11.2/stm32cubeide/plugins/com.st.stm32cube.ide.mcu.externaltools.gnu-tools-for-stm32.10.3-2021.10.win32_1.0.100.202210260954/tools/bin/../lib/gcc/arm-none-eabi/10.3.1/../../../../arm-none-eabi/lib/thumb/v7-m/nofp\libc_nano.a(lib_a-errno.o)
                              ./Core/Src/syscalls.o (__errno)
c:/st/stm32cubeide_1.11.2/stm32cubeide/plugins/com.st.stm32cube.ide.mcu.externaltools.gnu-tools-for-stm32.10.3-2021.10.win32_1.0.100.202210260954/tools/bin/../lib/gcc/arm-none-eabi/10.3.1/../../../../arm-none-eabi/lib/thumb/v7-m/nofp\libc_nano.a(lib_a-exit.o)
                              c:/st/stm32cubeide_1.11.2/stm32cubeide/plugins/com.st.stm32cube.ide.mcu.externaltools.gnu-tools-for-stm32.10.3-2021.10.win32_1.0.100.202210260954/tools/bin/../lib/gcc/arm-none-eabi/10.3.1/../../../../arm-none-eabi/lib/thumb/v7-m/nofp/crt0.o (exit)
c:/st/stm32cubeide_1.11.2/stm32cubeide/plugins/com.st.stm32cube.ide.mcu.externaltools.gnu-tools-for-stm32.10.3-2021.10.win32_1.0.100.202210260954/tools/bin/../lib/gcc/arm-none-eabi/10.3.1/../../../../arm-none-eabi/lib/thumb/v7-m/nofp\libc_nano.a(lib_a-findfp.o)
                              ./Middlewares/Third_Party/FreeRTOS/Source/tasks.o (__sf_fake_stderr)
c:/st/stm32cubeide_1.11.2/stm32cubeide/plugins/com.st.stm32cube.ide.mcu.externaltools.gnu-tools-for-stm32.10.3-2021.10.win32_1.0.100.202210260954/tools/bin/../lib/gcc/arm-none-eabi/10.3.1/../../../../arm-none-eabi/lib/thumb/v7-m/nofp\libc_nano.a(lib_a-fwalk.o)
                              c:/st/stm32cubeide_1.11.2/stm32cubeide/plugins/com.st.stm32cube.ide.mcu.externaltools.gnu-tools-for-stm32.10.3-2021.10.win32_1.0.100.202210260954/tools/bin/../lib/gcc/arm-none-eabi/10.3.1/../../../../arm-none-eabi/lib/thumb/v7-m/nofp\libc_nano.a(lib_a-findfp.o) (_fwalk)
c:/st/stm32cubeide_1.11.2/stm32cubeide/plugins/com.st.stm32cube.ide.mcu.externaltools.gnu-tools-for-stm32.10.3-2021.10.win32_1.0.100.202210260954/tools/bin/../lib/gcc/arm-none-eabi/10.3.1/../../../../arm-none-eabi/lib/thumb/v7-m/nofp\libc_nano.a(lib_a-impure.o)
                              c:/st/stm32cubeide_1.11.2/stm32cubeide/plugins/com.st.stm32cube.ide.mcu.externaltools.gnu-tools-for-stm32.10.3-2021.10.win32_1.0.100.202210260954/tools/bin/../lib/gcc/arm-none-eabi/10.3.1/../../../../arm-none-eabi/lib/thumb/v7-m/nofp\libc_nano.a(lib_a-exit.o) (_global_impure_ptr)
c:/st/stm32cubeide_1.11.2/stm32cubeide/plugins/com.st.stm32cube.ide.mcu.externaltools.gnu-tools-for-stm32.10.3-2021.10.win32_1.0.100.202210260954/tools/bin/../lib/gcc/arm-none-eabi/10.3.1/../../../../arm-none-eabi/lib/thumb/v7-m/nofp\libc_nano.a(lib_a-init.o)
                              c:/st/stm32cubeide_1.11.2/stm32cubeide/plugins/com.st.stm32cube.ide.mcu.externaltools.gnu-tools-for-stm32.10.3-2021.10.win32_1.0.100.202210260954/tools/bin/../lib/gcc/arm-none-eabi/10.3.1/../../../../arm-none-eabi/lib/thumb/v7-m/nofp/crt0.o (__libc_init_array)
c:/st/stm32cubeide_1.11.2/stm32cubeide/plugins/com.st.stm32cube.ide.mcu.externaltools.gnu-tools-for-stm32.10.3-2021.10.win32_1.0.100.202210260954/tools/bin/../lib/gcc/arm-none-eabi/10.3.1/../../../../arm-none-eabi/lib/thumb/v7-m/nofp\libc_nano.a(lib_a-lock.o)
                              c:/st/stm32cubeide_1.11.2/stm32cubeide/plugins/com.st.stm32cube.ide.mcu.externaltools.gnu-tools-for-stm32.10.3-2021.10.win32_1.0.100.202210260954/tools/bin/../lib/gcc/arm-none-eabi/10.3.1/../../../../arm-none-eabi/lib/thumb/v7-m/nofp\libc_nano.a(lib_a-findfp.o) (__retarget_lock_init_recursive)
c:/st/stm32cubeide_1.11.2/stm32cubeide/plugins/com.st.stm32cube.ide.mcu.externaltools.gnu-tools-for-stm32.10.3-2021.10.win32_1.0.100.202210260954/tools/bin/../lib/gcc/arm-none-eabi/10.3.1/../../../../arm-none-eabi/lib/thumb/v7-m/nofp\libc_nano.a(lib_a-memcpy-stub.o)
                              ./Middlewares/Third_Party/FreeRTOS/Source/queue.o (memcpy)
c:/st/stm32cubeide_1.11.2/stm32cubeide/plugins/com.st.stm32cube.ide.mcu.externaltools.gnu-tools-for-stm32.10.3-2021.10.win32_1.0.100.202210260954/tools/bin/../lib/gcc/arm-none-eabi/10.3.1/../../../../arm-none-eabi/lib/thumb/v7-m/nofp\libc_nano.a(lib_a-memset.o)
                              c:/st/stm32cubeide_1.11.2/stm32cubeide/plugins/com.st.stm32cube.ide.mcu.externaltools.gnu-tools-for-stm32.10.3-2021.10.win32_1.0.100.202210260954/tools/bin/../lib/gcc/arm-none-eabi/10.3.1/../../../../arm-none-eabi/lib/thumb/v7-m/nofp/crt0.o (memset)
c:/st/stm32cubeide_1.11.2/stm32cubeide/plugins/com.st.stm32cube.ide.mcu.externaltools.gnu-tools-for-stm32.10.3-2021.10.win32_1.0.100.202210260954/tools/bin/../lib/gcc/arm-none-eabi/10.3.1/../../../../arm-none-eabi/lib/thumb/v7-m/nofp\libc_nano.a(lib_a-nano-mallocr.o)
[...]
Memory Configuration

Name             Origin             Length             Attributes
RAM              0x0000000020000000 0x0000000000005000 xrw
FLASH            0x0000000008000000 0x0000000000010000 xr
*default*        0x0000000000000000 0xffffffffffffffff

Linker script and memory map

LOAD c:/st/stm32cubeide_1.11.2/stm32cubeide/plugins/com.st.stm32cube.ide.mcu.externaltools.gnu-tools-for-stm32.10.3-2021.10.win32_1.0.100.202210260954/tools/bin/../lib/gcc/arm-none-eabi/10.3.1/thumb/v7-m/nofp/crti.o
LOAD c:/st/stm32cubeide_1.11.2/stm32cubeide/plugins/com.st.stm32cube.ide.mcu.externaltools.gnu-tools-for-stm32.10.3-2021.10.win32_1.0.100.202210260954/tools/bin/../lib/gcc/arm-none-eabi/10.3.1/thumb/v7-m/nofp/crtbegin.o
LOAD c:/st/stm32cubeide_1.11.2/stm32cubeide/plugins/com.st.stm32cube.ide.mcu.externaltools.gnu-tools-for-stm32.10.3-2021.10.win32_1.0.100.202210260954/tools/bin/../lib/gcc/arm-none-eabi/10.3.1/../../../../arm-none-eabi/lib/thumb/v7-m/nofp/crt0.o
LOAD ./Core/Src/NOKIA5110_fb.o
LOAD ./Core/Src/PRNG_LFSR.o
LOAD ./Core/Src/atraso.o
LOAD ./Core/Src/freertos.o
LOAD ./Core/Src/main.o
LOAD ./Core/Src/snake_utils.o
LOAD ./Core/Src/stm32f1xx_hal_msp.o
LOAD ./Core/Src/stm32f1xx_hal_timebase_tim.o
LOAD ./Core/Src/stm32f1xx_it.o
LOAD ./Core/Src/syscalls.o
LOAD ./Core/Src/sysmem.o
LOAD ./Core/Src/system_stm32f1xx.o
LOAD ./Core/Startup/startup_stm32f103c8tx.o
LOAD ./Drivers/STM32F1xx_HAL_Driver/Src/stm32f1xx_hal.o
LOAD ./Drivers/STM32F1xx_HAL_Driver/Src/stm32f1xx_hal_adc.o
LOAD ./Drivers/STM32F1xx_HAL_Driver/Src/stm32f1xx_hal_adc_ex.o
LOAD ./Drivers/STM32F1xx_HAL_Driver/Src/stm32f1xx_hal_cortex.o
LOAD ./Drivers/STM32F1xx_HAL_Driver/Src/stm32f1xx_hal_dma.o
LOAD ./Drivers/STM32F1xx_HAL_Driver/Src/stm32f1xx_hal_exti.o
LOAD ./Drivers/STM32F1xx_HAL_Driver/Src/stm32f1xx_hal_flash.o
LOAD ./Drivers/STM32F1xx_HAL_Driver/Src/stm32f1xx_hal_flash_ex.o
LOAD ./Drivers/STM32F1xx_HAL_Driver/Src/stm32f1xx_hal_gpio.o
LOAD ./Drivers/STM32F1xx_HAL_Driver/Src/stm32f1xx_hal_gpio_ex.o
LOAD ./Drivers/STM32F1xx_HAL_Driver/Src/stm32f1xx_hal_pwr.o
LOAD ./Drivers/STM32F1xx_HAL_Driver/Src/stm32f1xx_hal_rcc.o
LOAD ./Drivers/STM32F1xx_HAL_Driver/Src/stm32f1xx_hal_rcc_ex.o
LOAD ./Drivers/STM32F1xx_HAL_Driver/Src/stm32f1xx_hal_tim.o
LOAD ./Drivers/STM32F1xx_HAL_Driver/Src/stm32f1xx_hal_tim_ex.o
LOAD ./Middlewares/Third_Party/FreeRTOS/Source/CMSIS_RTOS/cmsis_os.o
LOAD ./Middlewares/Third_Party/FreeRTOS/Source/croutine.o
LOAD ./Middlewares/Third_Party/FreeRTOS/Source/event_groups.o
LOAD ./Middlewares/Third_Party/FreeRTOS/Source/list.o
LOAD ./Middlewares/Third_Party/FreeRTOS/Source/queue.o
LOAD ./Middlewares/Third_Party/FreeRTOS/Source/stream_buffer.o
LOAD ./Middlewares/Third_Party/FreeRTOS/Source/tasks.o
LOAD ./Middlewares/Third_Party/FreeRTOS/Source/timers.o
LOAD ./Middlewares/Third_Party/FreeRTOS/Source/portable/GCC/ARM_CM3/port.o
LOAD ./Middlewares/Third_Party/FreeRTOS/Source/portable/MemMang/heap_4.o
START GROUP
LOAD c:/st/stm32cubeide_1.11.2/stm32cubeide/plugins/com.st.stm32cube.ide.mcu.externaltools.gnu-tools-for-stm32.10.3-2021.10.win32_1.0.100.202210260954/tools/bin/../lib/gcc/arm-none-eabi/10.3.1/../../../../arm-none-eabi/lib/thumb/v7-m/nofp\libc_nano.a
LOAD c:/st/stm32cubeide_1.11.2/stm32cubeide/plugins/com.st.stm32cube.ide.mcu.externaltools.gnu-tools-for-stm32.10.3-2021.10.win32_1.0.100.202210260954/tools/bin/../lib/gcc/arm-none-eabi/10.3.1/../../../../arm-none-eabi/lib/thumb/v7-m/nofp\libm.a
END GROUP
START GROUP
LOAD c:/st/stm32cubeide_1.11.2/stm32cubeide/plugins/com.st.stm32cube.ide.mcu.externaltools.gnu-tools-for-stm32.10.3-2021.10.win32_1.0.100.202210260954/tools/bin/../lib/gcc/arm-none-eabi/10.3.1/thumb/v7-m/nofp\libgcc.a
LOAD c:/st/stm32cubeide_1.11.2/stm32cubeide/plugins/com.st.stm32cube.ide.mcu.externaltools.gnu-tools-for-stm32.10.3-2021.10.win32_1.0.100.202210260954/tools/bin/../lib/gcc/arm-none-eabi/10.3.1/../../../../arm-none-eabi/lib/thumb/v7-m/nofp\libc_nano.a
END GROUP
START GROUP
LOAD c:/st/stm32cubeide_1.11.2/stm32cubeide/plugins/com.st.stm32cube.ide.mcu.externaltools.gnu-tools-for-stm32.10.3-2021.10.win32_1.0.100.202210260954/tools/bin/../lib/gcc/arm-none-eabi/10.3.1/thumb/v7-m/nofp\libgcc.a
LOAD c:/st/stm32cubeide_1.11.2/stm32cubeide/plugins/com.st.stm32cube.ide.mcu.externaltools.gnu-tools-for-stm32.10.3-2021.10.win32_1.0.100.202210260954/tools/bin/../lib/gcc/arm-none-eabi/10.3.1/../../../../arm-none-eabi/lib/thumb/v7-m/nofp\libc_nano.a
LOAD c:/st/stm32cubeide_1.11.2/stm32cubeide/plugins/com.st.stm32cube.ide.mcu.externaltools.gnu-tools-for-stm32.10.3-2021.10.win32_1.0.100.202210260954/tools/bin/../lib/gcc/arm-none-eabi/10.3.1/../../../../arm-none-eabi/lib/thumb/v7-m/nofp\libnosys.a
END GROUP
START GROUP
LOAD c:/st/stm32cubeide_1.11.2/stm32cubeide/plugins/com.st.stm32cube.ide.mcu.externaltools.gnu-tools-for-stm32.10.3-2021.10.win32_1.0.100.202210260954/tools/bin/../lib/gcc/arm-none-eabi/10.3.1/thumb/v7-m/nofp\libgcc.a
LOAD c:/st/stm32cubeide_1.11.2/stm32cubeide/plugins/com.st.stm32cube.ide.mcu.externaltools.gnu-tools-for-stm32.10.3-2021.10.win32_1.0.100.202210260954/tools/bin/../lib/gcc/arm-none-eabi/10.3.1/../../../../arm-none-eabi/lib/thumb/v7-m/nofp\libc_nano.a
LOAD c:/st/stm32cubeide_1.11.2/stm32cubeide/plugins/com.st.stm32cube.ide.mcu.externaltools.gnu-tools-for-stm32.10.3-2021.10.win32_1.0.100.202210260954/tools/bin/../lib/gcc/arm-none-eabi/10.3.1/../../../../arm-none-eabi/lib/thumb/v7-m/nofp\libnosys.a
END GROUP
LOAD c:/st/stm32cubeide_1.11.2/stm32cubeide/plugins/com.st.stm32cube.ide.mcu.externaltools.gnu-tools-for-stm32.10.3-2021.10.win32_1.0.100.202210260954/tools/bin/../lib/gcc/arm-none-eabi/10.3.1/thumb/v7-m/nofp/crtend.o
LOAD c:/st/stm32cubeide_1.11.2/stm32cubeide/plugins/com.st.stm32cube.ide.mcu.externaltools.gnu-tools-for-stm32.10.3-2021.10.win32_1.0.100.202210260954/tools/bin/../lib/gcc/arm-none-eabi/10.3.1/thumb/v7-m/nofp/crtn.o
                0x0000000020005000                _estack = (ORIGIN (RAM) + LENGTH (RAM))
                0x0000000000000200                _Min_Heap_Size = 0x200
                0x0000000000000400                _Min_Stack_Size = 0x400

.isr_vector     0x0000000008000000      0x10c
                0x0000000008000000                . = ALIGN (0x4)
 *(.isr_vector)
 .isr_vector    0x0000000008000000      0x10c ./Core/Startup/startup_stm32f103c8tx.o
                0x0000000008000000                g_pfnVectors
                0x000000000800010c                . = ALIGN (0x4)

.text           0x0000000008000110     0x540c
                0x0000000008000110                . = ALIGN (0x4)
 *(.text)
 .text          0x0000000008000110       0x40 c:/st/stm32cubeide_1.11.2/stm32cubeide/plugins/com.st.stm32cube.ide.mcu.externaltools.gnu-tools-for-stm32.10.3-2021.10.win32_1.0.100.202210260954/tools/bin/../lib/gcc/arm-none-eabi/10.3.1/thumb/v7-m/nofp/crtbegin.o
 *(.text*)
 .text.cmd_LCD  0x0000000008000150       0x8c ./Core/Src/NOKIA5110_fb.o
                0x0000000008000150                cmd_LCD
 .text.data_LCD
                0x00000000080001dc       0x8c ./Core/Src/NOKIA5110_fb.o
                0x00000000080001dc                data_LCD
 .text.inic_LCD
                0x0000000008000268       0x4c ./Core/Src/NOKIA5110_fb.o
                0x0000000008000268                inic_LCD
 .text.goto_XY  0x00000000080002b4       0x3c ./Core/Src/NOKIA5110_fb.o
                0x00000000080002b4                goto_XY
 .text.imprime_LCD
                0x00000000080002f0       0x38 ./Core/Src/NOKIA5110_fb.o
                0x00000000080002f0                imprime_LCD
 .text.caractere_LCD
                0x0000000008000328       0x78 ./Core/Src/NOKIA5110_fb.o
                0x0000000008000328                caractere_LCD
 .text.string_LCD
                0x00000000080003a0       0x2a ./Core/Src/NOKIA5110_fb.o
                0x00000000080003a0                string_LCD
 *fill*         0x00000000080003ca        0x2 
 .text.limpa_LCD
                0x00000000080003cc       0x34 ./Core/Src/NOKIA5110_fb.o
                0x00000000080003cc                limpa_LCD
 .text.desenha_pixel
                0x0000000008000400       0x9c ./Core/Src/NOKIA5110_fb.o
                0x0000000008000400                desenha_pixel
 .text.desenha_fig
                0x000000000800049c      0x1ba ./Core/Src/NOKIA5110_fb.o
                0x000000000800049c                desenha_fig
 *fill*         0x0000000008000656        0x2 
 .text.init_LFSR
                0x0000000008000658       0x1c ./Core/Src/PRNG_LFSR.o
                0x0000000008000658                init_LFSR
 .text.prng_LFSR
                0x0000000008000674       0x50 ./Core/Src/PRNG_LFSR.o
                0x0000000008000674                prng_LFSR
 .text.atraso_us
                0x00000000080006c4       0x22 ./Core/Src/atraso.o
                0x00000000080006c4                atraso_us
 *fill*         0x00000000080006e6        0x2 
 .text.vApplicationGetIdleTaskMemory
                0x00000000080006e8       0x30 ./Core/Src/freertos.o
                0x00000000080006e8                vApplicationGetIdleTaskMemory
 .text.__NVIC_SystemReset
                0x0000000008000718       0x2c ./Core/Src/main.o
 .text.HAL_ADC_ConvCpltCallback
                0x0000000008000744       0x38 ./Core/Src/main.o
                0x0000000008000744                HAL_ADC_ConvCpltCallback
 .text.vTask_LCD_Print
                0x000000000800077c        0xe ./Core/Src/main.o
                0x000000000800077c                vTask_LCD_Print
 *fill*         0x000000000800078a        0x2 
 .text.vTask_Gera_Fruta
                0x000000000800078c       0xe8 ./Core/Src/main.o
                0x000000000800078c                vTask_Gera_Fruta
 .text.vTask_Aumenta_Ponto
                0x0000000008000874       0x54 ./Core/Src/main.o
                0x0000000008000874                vTask_Aumenta_Ponto
 .text.vTask_Game_Over
                0x00000000080008c8       0x78 ./Core/Src/main.o
                0x00000000080008c8                vTask_Game_Over
 .text.vTask_Desloca_Snake_Player
                0x0000000008000940      0x318 ./Core/Src/main.o
                0x0000000008000940                vTask_Desloca_Snake_Player
 .text.vTask_Menu_Principal
                0x0000000008000c58      0x188 ./Core/Src/main.o
                0x0000000008000c58                vTask_Menu_Principal
 .text.main     0x0000000008000de0       0x64 ./Core/Src/main.o
                0x0000000008000de0                main
 .text.SystemClock_Config
                0x0000000008000e44       0xb6 ./Core/Src/main.o
                0x0000000008000e44                SystemClock_Config
 *fill*         0x0000000008000efa        0x2 
 .text.MX_ADC1_Init
                0x0000000008000efc       0x9c ./Core/Src/main.o
 .text.MX_DMA_Init
                0x0000000008000f98       0x3c ./Core/Src/main.o
 .text.MX_GPIO_Init
                0x0000000008000fd4       0xdc ./Core/Src/main.o
 .text.HAL_TIM_PeriodElapsedCallback
                0x00000000080010b0       0x24 ./Core/Src/main.o
                0x00000000080010b0                HAL_TIM_PeriodElapsedCallback
 .text.Error_Handler
                0x00000000080010d4        0xa ./Core/Src/main.o
                0x00000000080010d4                Error_Handler
 *fill*         0x00000000080010de        0x2 
 .text.HAL_MspInit
                0x00000000080010e0       0x70 ./Core/Src/stm32f1xx_hal_msp.o
                0x00000000080010e0                HAL_MspInit
 .text.HAL_ADC_MspInit
                0x0000000008001150       0xe0 ./Core/Src/stm32f1xx_hal_msp.o
                0x0000000008001150                HAL_ADC_MspInit
 .text.HAL_InitTick
                0x0000000008001230       0xb0 ./Core/Src/stm32f1xx_hal_timebase_tim.o
                0x0000000008001230                HAL_InitTick
 .text.NMI_Handler
                0x00000000080012e0        0x6 ./Core/Src/stm32f1xx_it.o
                0x00000000080012e0                NMI_Handler
 .text.HardFault_Handler
                0x00000000080012e6        0x6 ./Core/Src/stm32f1xx_it.o
                0x00000000080012e6                HardFault_Handler
 .text.MemManage_Handler
                0x00000000080012ec        0x6 ./Core/Src/stm32f1xx_it.o
                0x00000000080012ec                MemManage_Handler
 .text.BusFault_Handler
                0x00000000080012f2        0x6 ./Core/Src/stm32f1xx_it.o
                0x00000000080012f2                BusFault_Handler
 .text.UsageFault_Handler
                0x00000000080012f8        0x6 ./Core/Src/stm32f1xx_it.o
                0x00000000080012f8                UsageFault_Handler
 .text.DebugMon_Handler
                0x00000000080012fe        0xc ./Core/Src/stm32f1xx_it.o
                0x00000000080012fe                DebugMon_Handler
 *fill*         0x000000000800130a        0x2 
 .text.DMA1_Channel1_IRQHandler
                0x000000000800130c       0x14 ./Core/Src/stm32f1xx_it.o
                0x000000000800130c                DMA1_Channel1_IRQHandler
 .text.ADC1_2_IRQHandler
                0x0000000008001320       0x14 ./Core/Src/stm32f1xx_it.o
                0x0000000008001320                ADC1_2_IRQHandler
 .text.TIM4_IRQHandler
                0x0000000008001334       0x14 ./Core/Src/stm32f1xx_it.o
                0x0000000008001334                TIM4_IRQHandler
 .text._sbrk    0x0000000008001348       0x6c ./Core/Src/sysmem.o
                0x0000000008001348                _sbrk
 .text.SystemInit
                0x00000000080013b4        0xc ./Core/Src/system_stm32f1xx.o
                0x00000000080013b4                SystemInit
 .text.Reset_Handler
                0x00000000080013c0       0x48 ./Core/Startup/startup_stm32f103c8tx.o
                0x00000000080013c0                Reset_Handler
 .text.Default_Handler
                0x0000000008001408        0x2 ./Core/Startup/startup_stm32f103c8tx.o
                0x0000000008001408                RTC_Alarm_IRQHandler
                0x0000000008001408                EXTI2_IRQHandler
                0x0000000008001408                TIM1_CC_IRQHandler
                0x0000000008001408                PVD_IRQHandler
                0x0000000008001408                EXTI3_IRQHandler
                0x0000000008001408                EXTI0_IRQHandler
                0x0000000008001408                I2C2_EV_IRQHandler
                0x0000000008001408                SPI1_IRQHandler
                0x0000000008001408                TAMPER_IRQHandler
                0x0000000008001408                DMA1_Channel4_IRQHandler
                0x0000000008001408                USART3_IRQHandler
                0x0000000008001408                RTC_IRQHandler
                0x0000000008001408                DMA1_Channel7_IRQHandler
                0x0000000008001408                CAN1_RX1_IRQHandler
                0x0000000008001408                I2C1_EV_IRQHandler
                0x0000000008001408                DMA1_Channel6_IRQHandler
                0x0000000008001408                TIM3_IRQHandler
                0x0000000008001408                RCC_IRQHandler
                0x0000000008001408                TIM1_TRG_COM_IRQHandler
                0x0000000008001408                Default_Handler
                0x0000000008001408                EXTI15_10_IRQHandler
                0x0000000008001408                EXTI9_5_IRQHandler
                0x0000000008001408                SPI2_IRQHandler
                0x0000000008001408                DMA1_Channel5_IRQHandler
                0x0000000008001408                EXTI4_IRQHandler
                0x0000000008001408                USB_LP_CAN1_RX0_IRQHandler
                0x0000000008001408                USB_HP_CAN1_TX_IRQHandler
                0x0000000008001408                DMA1_Channel3_IRQHandler
                0x0000000008001408                TIM1_UP_IRQHandler
                0x0000000008001408                WWDG_IRQHandler
                0x0000000008001408                TIM2_IRQHandler
                0x0000000008001408                TIM1_BRK_IRQHandler
                0x0000000008001408                EXTI1_IRQHandler
                0x0000000008001408                USART2_IRQHandler
                0x0000000008001408                I2C2_ER_IRQHandler
                0x0000000008001408                DMA1_Channel2_IRQHandler
                0x0000000008001408                CAN1_SCE_IRQHandler
                0x0000000008001408                FLASH_IRQHandler
                0x0000000008001408                USART1_IRQHandler
                0x0000000008001408                I2C1_ER_IRQHandler
                0x0000000008001408                USBWakeUp_IRQHandler
 *fill*         0x000000000800140a        0x2 
 .text.HAL_Init
                0x000000000800140c       0x2c ./Drivers/STM32F1xx_HAL_Driver/Src/stm32f1xx_hal.o
                0x000000000800140c                HAL_Init
 .text.HAL_IncTick
                0x0000000008001438       0x24 ./Drivers/STM32F1xx_HAL_Driver/Src/stm32f1xx_hal.o
                0x0000000008001438                HAL_IncTick
 .text.HAL_GetTick
                0x000000000800145c       0x14 ./Drivers/STM32F1xx_HAL_Driver/Src/stm32f1xx_hal.o
                0x000000000800145c                HAL_GetTick
 .text.HAL_ADC_Init
                0x0000000008001470      0x1b0 ./Drivers/STM32F1xx_HAL_Driver/Src/stm32f1xx_hal_adc.o
                0x0000000008001470                HAL_ADC_Init
 .text.HAL_ADC_Start_IT
                0x0000000008001620      0x16c ./Drivers/STM32F1xx_HAL_Driver/Src/stm32f1xx_hal_adc.o
                0x0000000008001620                HAL_ADC_Start_IT
 .text.HAL_ADC_Start_DMA
                0x000000000800178c      0x1bc ./Drivers/STM32F1xx_HAL_Driver/Src/stm32f1xx_hal_adc.o
                0x000000000800178c                HAL_ADC_Start_DMA
 .text.HAL_ADC_IRQHandler
                0x0000000008001948      0x186 ./Drivers/STM32F1xx_HAL_Driver/Src/stm32f1xx_hal_adc.o
                0x0000000008001948                HAL_ADC_IRQHandler
 .text.HAL_ADC_ConvHalfCpltCallback
                0x0000000008001ace       0x12 ./Drivers/STM32F1xx_HAL_Driver/Src/stm32f1xx_hal_adc.o
                0x0000000008001ace                HAL_ADC_ConvHalfCpltCallback
 .text.HAL_ADC_LevelOutOfWindowCallback
                0x0000000008001ae0       0x12 ./Drivers/STM32F1xx_HAL_Driver/Src/stm32f1xx_hal_adc.o
                0x0000000008001ae0                HAL_ADC_LevelOutOfWindowCallback
 .text.HAL_ADC_ErrorCallback
                0x0000000008001af2       0x12 ./Drivers/STM32F1xx_HAL_Driver/Src/stm32f1xx_hal_adc.o
                0x0000000008001af2                HAL_ADC_ErrorCallback
 .text.HAL_ADC_ConfigChannel
                0x0000000008001b04      0x1f0 ./Drivers/STM32F1xx_HAL_Driver/Src/stm32f1xx_hal_adc.o
                0x0000000008001b04                HAL_ADC_ConfigChannel
 .text.ADC_Enable
                0x0000000008001cf4       0xb4 ./Drivers/STM32F1xx_HAL_Driver/Src/stm32f1xx_hal_adc.o
                0x0000000008001cf4                ADC_Enable
 .text.ADC_ConversionStop_Disable
                0x0000000008001da8       0x82 ./Drivers/STM32F1xx_HAL_Driver/Src/stm32f1xx_hal_adc.o
                0x0000000008001da8                ADC_ConversionStop_Disable
 .text.ADC_DMAConvCplt
                0x0000000008001e2a       0x7c ./Drivers/STM32F1xx_HAL_Driver/Src/stm32f1xx_hal_adc.o
                0x0000000008001e2a                ADC_DMAConvCplt
 .text.ADC_DMAHalfConvCplt
                0x0000000008001ea6       0x1c ./Drivers/STM32F1xx_HAL_Driver/Src/stm32f1xx_hal_adc.o
                0x0000000008001ea6                ADC_DMAHalfConvCplt
 .text.ADC_DMAError
                0x0000000008001ec2       0x34 ./Drivers/STM32F1xx_HAL_Driver/Src/stm32f1xx_hal_adc.o
                0x0000000008001ec2                ADC_DMAError
 .text.HAL_ADCEx_InjectedConvCpltCallback
                0x0000000008001ef6       0x12 ./Drivers/STM32F1xx_HAL_Driver/Src/stm32f1xx_hal_adc_ex.o
                0x0000000008001ef6                HAL_ADCEx_InjectedConvCpltCallback
 .text.__NVIC_SetPriorityGrouping
                0x0000000008001f08       0x48 ./Drivers/STM32F1xx_HAL_Driver/Src/stm32f1xx_hal_cortex.o
 .text.__NVIC_GetPriorityGrouping
                0x0000000008001f50       0x1c ./Drivers/STM32F1xx_HAL_Driver/Src/stm32f1xx_hal_cortex.o
 .text.__NVIC_EnableIRQ
                0x0000000008001f6c       0x38 ./Drivers/STM32F1xx_HAL_Driver/Src/stm32f1xx_hal_cortex.o
 .text.__NVIC_SetPriority
                0x0000000008001fa4       0x54 ./Drivers/STM32F1xx_HAL_Driver/Src/stm32f1xx_hal_cortex.o
 .text.NVIC_EncodePriority
                0x0000000008001ff8       0x64 ./Drivers/STM32F1xx_HAL_Driver/Src/stm32f1xx_hal_cortex.o
 .text.HAL_NVIC_SetPriorityGrouping
                0x000000000800205c       0x16 ./Drivers/STM32F1xx_HAL_Driver/Src/stm32f1xx_hal_cortex.o
                0x000000000800205c                HAL_NVIC_SetPriorityGrouping
 .text.HAL_NVIC_SetPriority
                0x0000000008002072       0x38 ./Drivers/STM32F1xx_HAL_Driver/Src/stm32f1xx_hal_cortex.o
                0x0000000008002072                HAL_NVIC_SetPriority
 .text.HAL_NVIC_EnableIRQ
                0x00000000080020aa       0x1c ./Drivers/STM32F1xx_HAL_Driver/Src/stm32f1xx_hal_cortex.o
                0x00000000080020aa                HAL_NVIC_EnableIRQ
 *fill*         0x00000000080020c6        0x2 
 .text.HAL_DMA_Init
                0x00000000080020c8       0xb4 ./Drivers/STM32F1xx_HAL_Driver/Src/stm32f1xx_hal_dma.o
                0x00000000080020c8                HAL_DMA_Init
 .text.HAL_DMA_Start_IT
                0x000000000800217c       0xbe ./Drivers/STM32F1xx_HAL_Driver/Src/stm32f1xx_hal_dma.o
                0x000000000800217c                HAL_DMA_Start_IT
 *fill*         0x000000000800223a        0x2 
 .text.HAL_DMA_IRQHandler
                0x000000000800223c      0x20c ./Drivers/STM32F1xx_HAL_Driver/Src/stm32f1xx_hal_dma.o
                0x000000000800223c                HAL_DMA_IRQHandler
 .text.DMA_SetConfig
                0x0000000008002448       0x5a ./Drivers/STM32F1xx_HAL_Driver/Src/stm32f1xx_hal_dma.o
 *fill*         0x00000000080024a2        0x2 
 .text.HAL_GPIO_Init
                0x00000000080024a4      0x308 ./Drivers/STM32F1xx_HAL_Driver/Src/stm32f1xx_hal_gpio.o
                0x00000000080024a4                HAL_GPIO_Init
 .text.HAL_GPIO_ReadPin
                0x00000000080027ac       0x2e ./Drivers/STM32F1xx_HAL_Driver/Src/stm32f1xx_hal_gpio.o
                0x00000000080027ac                HAL_GPIO_ReadPin
 .text.HAL_GPIO_WritePin
                0x00000000080027da       0x30 ./Drivers/STM32F1xx_HAL_Driver/Src/stm32f1xx_hal_gpio.o
                0x00000000080027da                HAL_GPIO_WritePin
 *fill*         0x000000000800280a        0x2 
 .text.HAL_RCC_OscConfig
                0x000000000800280c      0x504 ./Drivers/STM32F1xx_HAL_Driver/Src/stm32f1xx_hal_rcc.o
                0x000000000800280c                HAL_RCC_OscConfig
 .text.HAL_RCC_ClockConfig
                0x0000000008002d10      0x1d4 ./Drivers/STM32F1xx_HAL_Driver/Src/stm32f1xx_hal_rcc.o
                0x0000000008002d10                HAL_RCC_ClockConfig
 .text.HAL_RCC_GetSysClockFreq
                0x0000000008002ee4       0xbc ./Drivers/STM32F1xx_HAL_Driver/Src/stm32f1xx_hal_rcc.o
                0x0000000008002ee4                HAL_RCC_GetSysClockFreq
 .text.HAL_RCC_GetHCLKFreq
                0x0000000008002fa0       0x14 ./Drivers/STM32F1xx_HAL_Driver/Src/stm32f1xx_hal_rcc.o
                0x0000000008002fa0                HAL_RCC_GetHCLKFreq
 .text.HAL_RCC_GetPCLK1Freq
                0x0000000008002fb4       0x28 ./Drivers/STM32F1xx_HAL_Driver/Src/stm32f1xx_hal_rcc.o
                0x0000000008002fb4                HAL_RCC_GetPCLK1Freq
 .text.HAL_RCC_GetClockConfig
                0x0000000008002fdc       0x60 ./Drivers/STM32F1xx_HAL_Driver/Src/stm32f1xx_hal_rcc.o
                0x0000000008002fdc                HAL_RCC_GetClockConfig
 .text.RCC_Delay
                0x000000000800303c       0x3c ./Drivers/STM32F1xx_HAL_Driver/Src/stm32f1xx_hal_rcc.o
 .text.HAL_RCCEx_PeriphCLKConfig
                0x0000000008003078      0x16c ./Drivers/STM32F1xx_HAL_Driver/Src/stm32f1xx_hal_rcc_ex.o
                0x0000000008003078                HAL_RCCEx_PeriphCLKConfig
 .text.HAL_TIM_Base_Init
                0x00000000080031e4       0x9e ./Drivers/STM32F1xx_HAL_Driver/Src/stm32f1xx_hal_tim.o
                0x00000000080031e4                HAL_TIM_Base_Init
 .text.HAL_TIM_Base_MspInit
                0x0000000008003282       0x12 ./Drivers/STM32F1xx_HAL_Driver/Src/stm32f1xx_hal_tim.o
                0x0000000008003282                HAL_TIM_Base_MspInit
 .text.HAL_TIM_Base_Start_IT
                0x0000000008003294       0xa4 ./Drivers/STM32F1xx_HAL_Driver/Src/stm32f1xx_hal_tim.o
                0x0000000008003294                HAL_TIM_Base_Start_IT
 .text.HAL_TIM_IRQHandler
                0x0000000008003338      0x210 ./Drivers/STM32F1xx_HAL_Driver/Src/stm32f1xx_hal_tim.o
                0x0000000008003338                HAL_TIM_IRQHandler
 .text.HAL_TIM_OC_DelayElapsedCallback
                0x0000000008003548       0x12 ./Drivers/STM32F1xx_HAL_Driver/Src/stm32f1xx_hal_tim.o
                0x0000000008003548                HAL_TIM_OC_DelayElapsedCallback
 .text.HAL_TIM_IC_CaptureCallback
                0x000000000800355a       0x12 ./Drivers/STM32F1xx_HAL_Driver/Src/stm32f1xx_hal_tim.o
                0x000000000800355a                HAL_TIM_IC_CaptureCallback
 .text.HAL_TIM_PWM_PulseFinishedCallback
                0x000000000800356c       0x12 ./Drivers/STM32F1xx_HAL_Driver/Src/stm32f1xx_hal_tim.o
                0x000000000800356c                HAL_TIM_PWM_PulseFinishedCallback
 .text.HAL_TIM_TriggerCallback
                0x000000000800357e       0x12 ./Drivers/STM32F1xx_HAL_Driver/Src/stm32f1xx_hal_tim.o
                0x000000000800357e                HAL_TIM_TriggerCallback
 .text.TIM_Base_SetConfig
                0x0000000008003590       0xc4 ./Drivers/STM32F1xx_HAL_Driver/Src/stm32f1xx_hal_tim.o
                0x0000000008003590                TIM_Base_SetConfig
 .text.HAL_TIMEx_CommutCallback
                0x0000000008003654       0x12 ./Drivers/STM32F1xx_HAL_Driver/Src/stm32f1xx_hal_tim_ex.o
                0x0000000008003654                HAL_TIMEx_CommutCallback
 .text.HAL_TIMEx_BreakCallback
                0x0000000008003666       0x12 ./Drivers/STM32F1xx_HAL_Driver/Src/stm32f1xx_hal_tim_ex.o
                0x0000000008003666                HAL_TIMEx_BreakCallback
 .text.osKernelStart
                0x0000000008003678        0xe ./Middlewares/Third_Party/FreeRTOS/Source/CMSIS_RTOS/cmsis_os.o
                0x0000000008003678                osKernelStart
 .text.vListInitialise
                0x0000000008003686       0x3e ./Middlewares/Third_Party/FreeRTOS/Source/list.o
                0x0000000008003686                vListInitialise
 .text.vListInitialiseItem
                0x00000000080036c4       0x18 ./Middlewares/Third_Party/FreeRTOS/Source/list.o
                0x00000000080036c4                vListInitialiseItem
 .text.vListInsertEnd
                0x00000000080036dc       0x46 ./Middlewares/Third_Party/FreeRTOS/Source/list.o
                0x00000000080036dc                vListInsertEnd
 .text.vListInsert
                0x0000000008003722       0x70 ./Middlewares/Third_Party/FreeRTOS/Source/list.o
                0x0000000008003722                vListInsert
 .text.uxListRemove
                0x0000000008003792       0x52 ./Middlewares/Third_Party/FreeRTOS/Source/list.o
                0x0000000008003792                uxListRemove
 .text.xTaskCreateStatic
                0x00000000080037e4       0xb8 ./Middlewares/Third_Party/FreeRTOS/Source/tasks.o
                0x00000000080037e4                xTaskCreateStatic
 .text.xTaskCreate
                0x000000000800389c       0x8a ./Middlewares/Third_Party/FreeRTOS/Source/tasks.o
                0x000000000800389c                xTaskCreate
 *fill*         0x0000000008003926        0x2 
 .text.prvInitialiseNewTask
                0x0000000008003928      0x12c ./Middlewares/Third_Party/FreeRTOS/Source/tasks.o
 .text.prvAddNewTaskToReadyList
                0x0000000008003a54       0xd4 ./Middlewares/Third_Party/FreeRTOS/Source/tasks.o
 .text.vTaskDelete
                0x0000000008003b28      0x120 ./Middlewares/Third_Party/FreeRTOS/Source/tasks.o
                0x0000000008003b28                vTaskDelete
 .text.vTaskDelay
                0x0000000008003c48       0x68 ./Middlewares/Third_Party/FreeRTOS/Source/tasks.o
                0x0000000008003c48                vTaskDelay
 .text.vTaskStartScheduler
                0x0000000008003cb0       0xd4 ./Middlewares/Third_Party/FreeRTOS/Source/tasks.o
                0x0000000008003cb0                vTaskStartScheduler
 .text.vTaskSuspendAll
                0x0000000008003d84       0x1c ./Middlewares/Third_Party/FreeRTOS/Source/tasks.o
                0x0000000008003d84                vTaskSuspendAll
 .text.xTaskResumeAll
                0x0000000008003da0      0x138 ./Middlewares/Third_Party/FreeRTOS/Source/tasks.o
                0x0000000008003da0                xTaskResumeAll
 .text.xTaskIncrementTick
                0x0000000008003ed8      0x17c ./Middlewares/Third_Party/FreeRTOS/Source/tasks.o
                0x0000000008003ed8                xTaskIncrementTick
 .text.vTaskSwitchContext
                0x0000000008004054       0xc4 ./Middlewares/Third_Party/FreeRTOS/Source/tasks.o
                0x0000000008004054                vTaskSwitchContext
 .text.prvIdleTask
                0x0000000008004118       0x30 ./Middlewares/Third_Party/FreeRTOS/Source/tasks.o
 .text.prvInitialiseTaskLists
                0x0000000008004148       0x80 ./Middlewares/Third_Party/FreeRTOS/Source/tasks.o
 .text.prvCheckTasksWaitingTermination
                0x00000000080041c8       0x5c ./Middlewares/Third_Party/FreeRTOS/Source/tasks.o
 .text.prvDeleteTCB
                0x0000000008004224       0x68 ./Middlewares/Third_Party/FreeRTOS/Source/tasks.o
 .text.prvResetNextTaskUnblockTime
                0x000000000800428c       0x48 ./Middlewares/Third_Party/FreeRTOS/Source/tasks.o
 .text.prvAddCurrentTaskToDelayedList
                0x00000000080042d4       0xcc ./Middlewares/Third_Party/FreeRTOS/Source/tasks.o
 .text.pxPortInitialiseStack
                0x00000000080043a0       0x58 ./Middlewares/Third_Party/FreeRTOS/Source/portable/GCC/ARM_CM3/port.o
                0x00000000080043a0                pxPortInitialiseStack
 .text.prvTaskExitError
                0x00000000080043f8       0x58 ./Middlewares/Third_Party/FreeRTOS/Source/portable/GCC/ARM_CM3/port.o
 .text.SVC_Handler
                0x0000000008004450       0x28 ./Middlewares/Third_Party/FreeRTOS/Source/portable/GCC/ARM_CM3/port.o
                0x0000000008004450                SVC_Handler
 .text.prvPortStartFirstTask
                0x0000000008004478       0x20 ./Middlewares/Third_Party/FreeRTOS/Source/portable/GCC/ARM_CM3/port.o
 .text.xPortStartScheduler
                0x0000000008004498       0xe4 ./Middlewares/Third_Party/FreeRTOS/Source/portable/GCC/ARM_CM3/port.o
                0x0000000008004498                xPortStartScheduler
 .text.vPortEnterCritical
                0x000000000800457c       0x60 ./Middlewares/Third_Party/FreeRTOS/Source/portable/GCC/ARM_CM3/port.o
                0x000000000800457c                vPortEnterCritical
 .text.vPortExitCritical
                0x00000000080045dc       0x50 ./Middlewares/Third_Party/FreeRTOS/Source/portable/GCC/ARM_CM3/port.o
                0x00000000080045dc                vPortExitCritical
 *fill*         0x000000000800462c        0x4 
 .text.PendSV_Handler
                0x0000000008004630       0x48 ./Middlewares/Third_Party/FreeRTOS/Source/portable/GCC/ARM_CM3/port.o
                0x0000000008004630                PendSV_Handler
 .text.SysTick_Handler
                0x0000000008004678       0x44 ./Middlewares/Third_Party/FreeRTOS/Source/portable/GCC/ARM_CM3/port.o
                0x0000000008004678                SysTick_Handler
 .text.vPortSetupTimerInterrupt
                0x00000000080046bc       0x44 ./Middlewares/Third_Party/FreeRTOS/Source/portable/GCC/ARM_CM3/port.o
                0x00000000080046bc                vPortSetupTimerInterrupt
 .text.pvPortMalloc
                0x0000000008004700      0x188 ./Middlewares/Third_Party/FreeRTOS/Source/portable/MemMang/heap_4.o
                0x0000000008004700                pvPortMalloc
 .text.vPortFree
                0x0000000008004888       0xb4 ./Middlewares/Third_Party/FreeRTOS/Source/portable/MemMang/heap_4.o
                0x0000000008004888                vPortFree
 .text.prvHeapInit
                0x000000000800493c       0xc4 ./Middlewares/Third_Party/FreeRTOS/Source/portable/MemMang/heap_4.o
 .text.prvInsertBlockIntoFreeList
                0x0000000008004a00       0xb0 ./Middlewares/Third_Party/FreeRTOS/Source/portable/MemMang/heap_4.o
 .text.__errno  0x0000000008004ab0        0xc c:/st/stm32cubeide_1.11.2/stm32cubeide/plugins/com.st.stm32cube.ide.mcu.externaltools.gnu-tools-for-stm32.10.3-2021.10.win32_1.0.100.202210260954/tools/bin/../lib/gcc/arm-none-eabi/10.3.1/../../../../arm-none-eabi/lib/thumb/v7-m/nofp\libc_nano.a(lib_a-errno.o)
                0x0000000008004ab0                __errno
 .text.__libc_init_array
                0x0000000008004abc       0x48 c:/st/stm32cubeide_1.11.2/stm32cubeide/plugins/com.st.stm32cube.ide.mcu.externaltools.gnu-tools-for-stm32.10.3-2021.10.win32_1.0.100.202210260954/tools/bin/../lib/gcc/arm-none-eabi/10.3.1/../../../../arm-none-eabi/lib/thumb/v7-m/nofp\libc_nano.a(lib_a-init.o)
                0x0000000008004abc                __libc_init_array
 .text.__retarget_lock_acquire_recursive
                0x0000000008004b04        0x2 c:/st/stm32cubeide_1.11.2/stm32cubeide/plugins/com.st.stm32cube.ide.mcu.externaltools.gnu-tools-for-stm32.10.3-2021.10.win32_1.0.100.202210260954/tools/bin/../lib/gcc/arm-none-eabi/10.3.1/../../../../arm-none-eabi/lib/thumb/v7-m/nofp\libc_nano.a(lib_a-lock.o)
                0x0000000008004b04                __retarget_lock_acquire_recursive
 .text.__retarget_lock_release_recursive
                0x0000000008004b06        0x2 c:/st/stm32cubeide_1.11.2/stm32cubeide/plugins/com.st.stm32cube.ide.mcu.externaltools.gnu-tools-for-stm32.10.3-2021.10.win32_1.0.100.202210260954/tools/bin/../lib/gcc/arm-none-eabi/10.3.1/../../../../arm-none-eabi/lib/thumb/v7-m/nofp\libc_nano.a(lib_a-lock.o)
                0x0000000008004b06                __retarget_lock_release_recursive
 .text.memcpy   0x0000000008004b08       0x1c c:/st/stm32cubeide_1.11.2/stm32cubeide/plugins/com.st.stm32cube.ide.mcu.externaltools.gnu-tools-for-stm32.10.3-2021.10.win32_1.0.100.202210260954/tools/bin/../lib/gcc/arm-none-eabi/10.3.1/../../../../arm-none-eabi/lib/thumb/v7-m/nofp\libc_nano.a(lib_a-memcpy-stub.o)
                0x0000000008004b08                memcpy
 .text.memset   0x0000000008004b24       0x10 c:/st/stm32cubeide_1.11.2/stm32cubeide/plugins/com.st.stm32cube.ide.mcu.externaltools.gnu-tools-for-stm32.10.3-2021.10.win32_1.0.100.202210260954/tools/bin/../lib/gcc/arm-none-eabi/10.3.1/../../../../arm-none-eabi/lib/thumb/v7-m/nofp\libc_nano.a(lib_a-memset.o)
                0x0000000008004b24                memset
 .text.sbrk_aligned
                0x0000000008004b34       0x40 c:/st/stm32cubeide_1.11.2/stm32cubeide/plugins/com.st.stm32cube.ide.mcu.externaltools.gnu-tools-for-stm32.10.3-2021.10.win32_1.0.100.202210260954/tools/bin/../lib/gcc/arm-none-eabi/10.3.1/../../../../arm-none-eabi/lib/thumb/v7-m/nofp\libc_nano.a(lib_a-nano-mallocr.o)
 .text._malloc_r
                0x0000000008004b74       0xe8 c:/st/stm32cubeide_1.11.2/stm32cubeide/plugins/com.st.stm32cube.ide.mcu.externaltools.gnu-tools-for-stm32.10.3-2021.10.win32_1.0.100.202210260954/tools/bin/../lib/gcc/arm-none-eabi/10.3.1/../../../../arm-none-eabi/lib/thumb/v7-m/nofp\libc_nano.a(lib_a-nano-mallocr.o)
                0x0000000008004b74                _malloc_r
 .text.cleanup_glue
                0x0000000008004c5c       0x1a c:/st/stm32cubeide_1.11.2/stm32cubeide/plugins/com.st.stm32cube.ide.mcu.externaltools.gnu-tools-for-stm32.10.3-2021.10.win32_1.0.100.202210260954/tools/bin/../lib/gcc/arm-none-eabi/10.3.1/../../../../arm-none-eabi/lib/thumb/v7-m/nofp\libc_nano.a(lib_a-reent.o)
                0x0000000008004c5c                cleanup_glue
 *fill*         0x0000000008004c76        0x2 
 .text._reclaim_reent
                0x0000000008004c78       0xb8 c:/st/stm32cubeide_1.11.2/stm32cubeide/plugins/com.st.stm32cube.ide.mcu.externaltools.gnu-tools-for-stm32.10.3-2021.10.win32_1.0.100.202210260954/tools/bin/../lib/gcc/arm-none-eabi/10.3.1/../../../../arm-none-eabi/lib/thumb/v7-m/nofp\libc_nano.a(lib_a-reent.o)
                0x0000000008004c78                _reclaim_reent
 .text._sbrk_r  0x0000000008004d30       0x20 c:/st/stm32cubeide_1.11.2/stm32cubeide/plugins/com.st.stm32cube.ide.mcu.externaltools.gnu-tools-for-stm32.10.3-2021.10.win32_1.0.100.202210260954/tools/bin/../lib/gcc/arm-none-eabi/10.3.1/../../../../arm-none-eabi/lib/thumb/v7-m/nofp\libc_nano.a(lib_a-sbrkr.o)
                0x0000000008004d30                _sbrk_r
 .text.snprintf
                0x0000000008004d50       0x68 c:/st/stm32cubeide_1.11.2/stm32cubeide/plugins/com.st.stm32cube.ide.mcu.externaltools.gnu-tools-for-stm32.10.3-2021.10.win32_1.0.100.202210260954/tools/bin/../lib/gcc/arm-none-eabi/10.3.1/../../../../arm-none-eabi/lib/thumb/v7-m/nofp\libc_nano.a(lib_a-snprintf.o)
                0x0000000008004d50                sniprintf
                0x0000000008004d50                snprintf
 .text.__malloc_lock
                0x0000000008004db8        0xc c:/st/stm32cubeide_1.11.2/stm32cubeide/plugins/com.st.stm32cube.ide.mcu.externaltools.gnu-tools-for-stm32.10.3-2021.10.win32_1.0.100.202210260954/tools/bin/../lib/gcc/arm-none-eabi/10.3.1/../../../../arm-none-eabi/lib/thumb/v7-m/nofp\libc_nano.a(lib_a-mlock.o)
                0x0000000008004db8                __malloc_lock
 .text.__malloc_unlock
                0x0000000008004dc4        0xc c:/st/stm32cubeide_1.11.2/stm32cubeide/plugins/com.st.stm32cube.ide.mcu.externaltools.gnu-tools-for-stm32.10.3-2021.10.win32_1.0.100.202210260954/tools/bin/../lib/gcc/arm-none-eabi/10.3.1/../../../../arm-none-eabi/lib/thumb/v7-m/nofp\libc_nano.a(lib_a-mlock.o)
                0x0000000008004dc4                __malloc_unlock
 .text._free_r  0x0000000008004dd0       0x90 c:/st/stm32cubeide_1.11.2/stm32cubeide/plugins/com.st.stm32cube.ide.mcu.externaltools.gnu-tools-for-stm32.10.3-2021.10.win32_1.0.100.202210260954/tools/bin/../lib/gcc/arm-none-eabi/10.3.1/../../../../arm-none-eabi/lib/thumb/v7-m/nofp\libc_nano.a(lib_a-nano-freer.o)
                0x0000000008004dd0                _free_r
 .text.__ssputs_r
                0x0000000008004e60       0xb6 c:/st/stm32cubeide_1.11.2/stm32cubeide/plugins/com.st.stm32cube.ide.mcu.externaltools.gnu-tools-for-stm32.10.3-2021.10.win32_1.0.100.202210260954/tools/bin/../lib/gcc/arm-none-eabi/10.3.1/../../../../arm-none-eabi/lib/thumb/v7-m/nofp\libc_nano.a(lib_a-nano-svfprintf.o)
                0x0000000008004e60                __ssputs_r
 *fill*         0x0000000008004f16        0x2 
 .text._svfprintf_r
                0x0000000008004f18      0x200 c:/st/stm32cubeide_1.11.2/stm32cubeide/plugins/com.st.stm32cube.ide.mcu.externaltools.gnu-tools-for-stm32.10.3-2021.10.win32_1.0.100.202210260954/tools/bin/../lib/gcc/arm-none-eabi/10.3.1/../../../../arm-none-eabi/lib/thumb/v7-m/nofp\libc_nano.a(lib_a-nano-svfprintf.o)
                0x0000000008004f18                _svfiprintf_r
                0x0000000008004f18                _svfprintf_r
 .text._printf_common
                0x0000000008005118       0xde c:/st/stm32cubeide_1.11.2/stm32cubeide/plugins/com.st.stm32cube.ide.mcu.externaltools.gnu-tools-for-stm32.10.3-2021.10.win32_1.0.100.202210260954/tools/bin/../lib/gcc/arm-none-eabi/10.3.1/../../../../arm-none-eabi/lib/thumb/v7-m/nofp\libc_nano.a(lib_a-nano-vfprintf_i.o)
                0x0000000008005118                _printf_common
 *fill*         0x00000000080051f6        0x2 
 .text._printf_i
                0x00000000080051f8      0x24c c:/st/stm32cubeide_1.11.2/stm32cubeide/plugins/com.st.stm32cube.ide.mcu.externaltools.gnu-tools-for-stm32.10.3-2021.10.win32_1.0.100.202210260954/tools/bin/../lib/gcc/arm-none-eabi/10.3.1/../../../../arm-none-eabi/lib/thumb/v7-m/nofp\libc_nano.a(lib_a-nano-vfprintf_i.o)
                0x00000000080051f8                _printf_i
 .text.memchr   0x0000000008005444       0x1c c:/st/stm32cubeide_1.11.2/stm32cubeide/plugins/com.st.stm32cube.ide.mcu.externaltools.gnu-tools-for-stm32.10.3-2021.10.win32_1.0.100.202210260954/tools/bin/../lib/gcc/arm-none-eabi/10.3.1/../../../../arm-none-eabi/lib/thumb/v7-m/nofp\libc_nano.a(lib_a-memchr-stub.o)
                0x0000000008005444                memchr
 .text.memmove  0x0000000008005460       0x34 c:/st/stm32cubeide_1.11.2/stm32cubeide/plugins/com.st.stm32cube.ide.mcu.externaltools.gnu-tools-for-stm32.10.3-2021.10.win32_1.0.100.202210260954/tools/bin/../lib/gcc/arm-none-eabi/10.3.1/../../../../arm-none-eabi/lib/thumb/v7-m/nofp\libc_nano.a(lib_a-memmove.o)
                0x0000000008005460                memmove
 .text._realloc_r
                0x0000000008005494       0x5e c:/st/stm32cubeide_1.11.2/stm32cubeide/plugins/com.st.stm32cube.ide.mcu.externaltools.gnu-tools-for-stm32.10.3-2021.10.win32_1.0.100.202210260954/tools/bin/../lib/gcc/arm-none-eabi/10.3.1/../../../../arm-none-eabi/lib/thumb/v7-m/nofp\libc_nano.a(lib_a-nano-reallocr.o)
                0x0000000008005494                _realloc_r
 .text._malloc_usable_size_r
                0x00000000080054f2       0x10 c:/st/stm32cubeide_1.11.2/stm32cubeide/plugins/com.st.stm32cube.ide.mcu.externaltools.gnu-tools-for-stm32.10.3-2021.10.win32_1.0.100.202210260954/tools/bin/../lib/gcc/arm-none-eabi/10.3.1/../../../../arm-none-eabi/lib/thumb/v7-m/nofp\libc_nano.a(lib_a-nano-msizer.o)
                0x00000000080054f2                _malloc_usable_size_r
 *(.glue_7)
 .glue_7        0x0000000008005502        0x0 linker stubs
 *(.glue_7t)
 .glue_7t       0x0000000008005502        0x0 linker stubs
 *(.eh_frame)
 *fill*         0x0000000008005502        0x2 
 .eh_frame      0x0000000008005504        0x0 c:/st/stm32cubeide_1.11.2/stm32cubeide/plugins/com.st.stm32cube.ide.mcu.externaltools.gnu-tools-for-stm32.10.3-2021.10.win32_1.0.100.202210260954/tools/bin/../lib/gcc/arm-none-eabi/10.3.1/thumb/v7-m/nofp/crtbegin.o
 *(.init)
 .init          0x0000000008005504        0x4 c:/st/stm32cubeide_1.11.2/stm32cubeide/plugins/com.st.stm32cube.ide.mcu.externaltools.gnu-tools-for-stm32.10.3-2021.10.win32_1.0.100.202210260954/tools/bin/../lib/gcc/arm-none-eabi/10.3.1/thumb/v7-m/nofp/crti.o
                0x0000000008005504                _init
 .init          0x0000000008005508        0x8 c:/st/stm32cubeide_1.11.2/stm32cubeide/plugins/com.st.stm32cube.ide.mcu.externaltools.gnu-tools-for-stm32.10.3-2021.10.win32_1.0.100.202210260954/tools/bin/../lib/gcc/arm-none-eabi/10.3.1/thumb/v7-m/nofp/crtn.o
 *(.fini)
 .fini          0x0000000008005510        0x4 c:/st/stm32cubeide_1.11.2/stm32cubeide/plugins/com.st.stm32cube.ide.mcu.externaltools.gnu-tools-for-stm32.10.3-2021.10.win32_1.0.100.202210260954/tools/bin/../lib/gcc/arm-none-eabi/10.3.1/thumb/v7-m/nofp/crti.o
                0x0000000008005510                _fini
 .fini          0x0000000008005514        0x8 c:/st/stm32cubeide_1.11.2/stm32cubeide/plugins/com.st.stm32cube.ide.mcu.externaltools.gnu-tools-for-stm32.10.3-2021.10.win32_1.0.100.202210260954/tools/bin/../lib/gcc/arm-none-eabi/10.3.1/thumb/v7-m/nofp/crtn.o
                0x000000000800551c                . = ALIGN (0x4)
                0x000000000800551c                _etext = .

.vfp11_veneer   0x000000000800551c        0x0
 .vfp11_veneer  0x000000000800551c        0x0 linker stubs

.v4_bx          0x000000000800551c        0x0
 .v4_bx         0x000000000800551c        0x0 linker stubs

.iplt           0x000000000800551c        0x0
 .iplt          0x000000000800551c        0x0 c:/st/stm32cubeide_1.11.2/stm32cubeide/plugins/com.st.stm32cube.ide.mcu.externaltools.gnu-tools-for-stm32.10.3-2021.10.win32_1.0.100.202210260954/tools/bin/../lib/gcc/arm-none-eabi/10.3.1/thumb/v7-m/nofp/crtbegin.o

.rodata         0x000000000800551c      0x340
                0x000000000800551c                . = ALIGN (0x4)
 *(.rodata)
 .rodata        0x000000000800551c       0x83 ./Core/Src/main.o
 *fill*         0x000000000800559f        0x1 
 .rodata        0x00000000080055a0       0x10 ./Drivers/STM32F1xx_HAL_Driver/Src/stm32f1xx_hal_rcc.o
 .rodata        0x00000000080055b0        0x5 ./Middlewares/Third_Party/FreeRTOS/Source/tasks.o
 *(.rodata*)
 *fill*         0x00000000080055b5        0x3 
 .rodata.ASCII  0x00000000080055b8      0x1e0 ./Core/Src/NOKIA5110_fb.o
 .rodata.cobra  0x0000000008005798        0x6 ./Core/Src/main.o
                0x0000000008005798                cobra
 *fill*         0x000000000800579e        0x2 
 .rodata.apaga_cobra
                0x00000000080057a0        0x6 ./Core/Src/main.o
                0x00000000080057a0                apaga_cobra
 *fill*         0x00000000080057a6        0x2 
 .rodata.desenho_fruta
                0x00000000080057a8        0x6 ./Core/Src/main.o
                0x00000000080057a8                desenho_fruta
 *fill*         0x00000000080057ae        0x2 
 .rodata.AHBPrescTable
                0x00000000080057b0       0x10 ./Core/Src/system_stm32f1xx.o
                0x00000000080057b0                AHBPrescTable
 .rodata.APBPrescTable
                0x00000000080057c0        0x8 ./Core/Src/system_stm32f1xx.o
                0x00000000080057c0                APBPrescTable
 .rodata.__sf_fake_stderr
                0x00000000080057c8       0x20 c:/st/stm32cubeide_1.11.2/stm32cubeide/plugins/com.st.stm32cube.ide.mcu.externaltools.gnu-tools-for-stm32.10.3-2021.10.win32_1.0.100.202210260954/tools/bin/../lib/gcc/arm-none-eabi/10.3.1/../../../../arm-none-eabi/lib/thumb/v7-m/nofp\libc_nano.a(lib_a-findfp.o)
                0x00000000080057c8                __sf_fake_stderr
 .rodata.__sf_fake_stdin
                0x00000000080057e8       0x20 c:/st/stm32cubeide_1.11.2/stm32cubeide/plugins/com.st.stm32cube.ide.mcu.externaltools.gnu-tools-for-stm32.10.3-2021.10.win32_1.0.100.202210260954/tools/bin/../lib/gcc/arm-none-eabi/10.3.1/../../../../arm-none-eabi/lib/thumb/v7-m/nofp\libc_nano.a(lib_a-findfp.o)
                0x00000000080057e8                __sf_fake_stdin
 .rodata.__sf_fake_stdout
                0x0000000008005808       0x20 c:/st/stm32cubeide_1.11.2/stm32cubeide/plugins/com.st.stm32cube.ide.mcu.externaltools.gnu-tools-for-stm32.10.3-2021.10.win32_1.0.100.202210260954/tools/bin/../lib/gcc/arm-none-eabi/10.3.1/../../../../arm-none-eabi/lib/thumb/v7-m/nofp\libc_nano.a(lib_a-findfp.o)
                0x0000000008005808                __sf_fake_stdout
 .rodata._svfprintf_r.str1.1
                0x0000000008005828       0x11 c:/st/stm32cubeide_1.11.2/stm32cubeide/plugins/com.st.stm32cube.ide.mcu.externaltools.gnu-tools-for-stm32.10.3-2021.10.win32_1.0.100.202210260954/tools/bin/../lib/gcc/arm-none-eabi/10.3.1/../../../../arm-none-eabi/lib/thumb/v7-m/nofp\libc_nano.a(lib_a-nano-svfprintf.o)
 .rodata._printf_i.str1.1
                0x0000000008005839       0x22 c:/st/stm32cubeide_1.11.2/stm32cubeide/plugins/com.st.stm32cube.ide.mcu.externaltools.gnu-tools-for-stm32.10.3-2021.10.win32_1.0.100.202210260954/tools/bin/../lib/gcc/arm-none-eabi/10.3.1/../../../../arm-none-eabi/lib/thumb/v7-m/nofp\libc_nano.a(lib_a-nano-vfprintf_i.o)
                0x000000000800585c                . = ALIGN (0x4)
 *fill*         0x000000000800585b        0x1 

.rel.dyn        0x000000000800585c        0x0
 .rel.iplt      0x000000000800585c        0x0 c:/st/stm32cubeide_1.11.2/stm32cubeide/plugins/com.st.stm32cube.ide.mcu.externaltools.gnu-tools-for-stm32.10.3-2021.10.win32_1.0.100.202210260954/tools/bin/../lib/gcc/arm-none-eabi/10.3.1/thumb/v7-m/nofp/crtbegin.o

.ARM.extab      0x000000000800585c        0x0
                0x000000000800585c                . = ALIGN (0x4)
 *(.ARM.extab* .gnu.linkonce.armextab.*)
                0x000000000800585c                . = ALIGN (0x4)

.ARM            0x000000000800585c        0x0
                0x000000000800585c                . = ALIGN (0x4)
                0x000000000800585c                __exidx_start = .
 *(.ARM.exidx*)
                0x000000000800585c                __exidx_end = .
                0x000000000800585c                . = ALIGN (0x4)

.preinit_array  0x000000000800585c        0x0
                0x000000000800585c                . = ALIGN (0x4)
                0x000000000800585c                PROVIDE (__preinit_array_start = .)
 *(.preinit_array*)
                0x000000000800585c                PROVIDE (__preinit_array_end = .)
                0x000000000800585c                . = ALIGN (0x4)

.init_array     0x000000000800585c        0x4
                0x000000000800585c                . = ALIGN (0x4)
                0x000000000800585c                PROVIDE (__init_array_start = .)
 *(SORT_BY_NAME(.init_array.*))
 *(.init_array*)
 .init_array    0x000000000800585c        0x4 c:/st/stm32cubeide_1.11.2/stm32cubeide/plugins/com.st.stm32cube.ide.mcu.externaltools.gnu-tools-for-stm32.10.3-2021.10.win32_1.0.100.202210260954/tools/bin/../lib/gcc/arm-none-eabi/10.3.1/thumb/v7-m/nofp/crtbegin.o
                0x0000000008005860                PROVIDE (__init_array_end = .)
                0x0000000008005860                . = ALIGN (0x4)

.fini_array     0x0000000008005860        0x4
                0x0000000008005860                . = ALIGN (0x4)
                [!provide]                        PROVIDE (__fini_array_start = .)
 *(SORT_BY_NAME(.fini_array.*))
 *(.fini_array*)
 .fini_array    0x0000000008005860        0x4 c:/st/stm32cubeide_1.11.2/stm32cubeide/plugins/com.st.stm32cube.ide.mcu.externaltools.gnu-tools-for-stm32.10.3-2021.10.win32_1.0.100.202210260954/tools/bin/../lib/gcc/arm-none-eabi/10.3.1/thumb/v7-m/nofp/crtbegin.o
                [!provide]                        PROVIDE (__fini_array_end = .)
                0x0000000008005864                . = ALIGN (0x4)
                0x0000000008005864                _sidata = LOADADDR (.data)

.data           0x0000000020000000       0x80 load address 0x0000000008005864
                0x0000000020000000                . = ALIGN (0x4)
                0x0000000020000000                _sdata = .
 *(.data)
 *(.data*)
 .data.set_dif  0x0000000020000000        0x1 ./Core/Src/main.o
                0x0000000020000000                set_dif
 *fill*         0x0000000020000001        0x3 
 .data.x.4      0x0000000020000004        0x4 ./Core/Src/main.o
 .data.y.3      0x0000000020000008        0x4 ./Core/Src/main.o
 .data.SystemCoreClock
                0x000000002000000c        0x4 ./Core/Src/system_stm32f1xx.o
                0x000000002000000c                SystemCoreClock
 .data.uwTickPrio
                0x0000000020000010        0x4 ./Drivers/STM32F1xx_HAL_Driver/Src/stm32f1xx_hal.o
                0x0000000020000010                uwTickPrio
 .data.uwTickFreq
                0x0000000020000014        0x1 ./Drivers/STM32F1xx_HAL_Driver/Src/stm32f1xx_hal.o
                0x0000000020000014                uwTickFreq
 *fill*         0x0000000020000015        0x3 
 .data.uxCriticalNesting
                0x0000000020000018        0x4 ./Middlewares/Third_Party/FreeRTOS/Source/portable/GCC/ARM_CM3/port.o
 .data._impure_ptr
                0x000000002000001c        0x4 c:/st/stm32cubeide_1.11.2/stm32cubeide/plugins/com.st.stm32cube.ide.mcu.externaltools.gnu-tools-for-stm32.10.3-2021.10.win32_1.0.100.202210260954/tools/bin/../lib/gcc/arm-none-eabi/10.3.1/../../../../arm-none-eabi/lib/thumb/v7-m/nofp\libc_nano.a(lib_a-impure.o)
                0x000000002000001c                _impure_ptr
 .data.impure_data
                0x0000000020000020       0x60 c:/st/stm32cubeide_1.11.2/stm32cubeide/plugins/com.st.stm32cube.ide.mcu.externaltools.gnu-tools-for-stm32.10.3-2021.10.win32_1.0.100.202210260954/tools/bin/../lib/gcc/arm-none-eabi/10.3.1/../../../../arm-none-eabi/lib/thumb/v7-m/nofp\libc_nano.a(lib_a-impure.o)
 *(.RamFunc)
 *(.RamFunc*)
                0x0000000020000080                . = ALIGN (0x4)
                0x0000000020000080                _edata = .

.igot.plt       0x0000000020000080        0x0 load address 0x00000000080058e4
 .igot.plt      0x0000000020000080        0x0 c:/st/stm32cubeide_1.11.2/stm32cubeide/plugins/com.st.stm32cube.ide.mcu.externaltools.gnu-tools-for-stm32.10.3-2021.10.win32_1.0.100.202210260954/tools/bin/../lib/gcc/arm-none-eabi/10.3.1/thumb/v7-m/nofp/crtbegin.o
                0x0000000020000080                . = ALIGN (0x4)

.bss            0x0000000020000080     0x3a98 load address 0x00000000080058e4
                0x0000000020000080                _sbss = .
                0x0000000020000080                __bss_start__ = _sbss
 *(.bss)
 .bss           0x0000000020000080       0x1c c:/st/stm32cubeide_1.11.2/stm32cubeide/plugins/com.st.stm32cube.ide.mcu.externaltools.gnu-tools-for-stm32.10.3-2021.10.win32_1.0.100.202210260954/tools/bin/../lib/gcc/arm-none-eabi/10.3.1/thumb/v7-m/nofp/crtbegin.o
 *(.bss*)
 .bss.fb        0x000000002000009c      0x1f8 ./Core/Src/NOKIA5110_fb.o
 .bss.indice_fb
                0x0000000020000294        0x4 ./Core/Src/NOKIA5110_fb.o
 .bss.lfsr      0x0000000020000298        0x4 ./Core/Src/PRNG_LFSR.o
                0x0000000020000298                lfsr
 .bss.xIdleTaskTCBBuffer
                0x000000002000029c       0xc4 ./Core/Src/freertos.o
 .bss.xIdleStack
                0x0000000020000360      0x200 ./Core/Src/freertos.o
 .bss.hadc1     0x0000000020000560       0x30 ./Core/Src/main.o
                0x0000000020000560                hadc1
 .bss.hdma_adc1
                0x0000000020000590       0x44 ./Core/Src/main.o
                0x0000000020000590                hdma_adc1
 .bss.ADC_buffer
                0x00000000200005d4        0x8 ./Core/Src/main.o
                0x00000000200005d4                ADC_buffer
 .bss.valor_ADC
                0x00000000200005dc        0x8 ./Core/Src/main.o
                0x00000000200005dc                valor_ADC
 .bss.fruta     0x00000000200005e4       0x18 ./Core/Src/main.o
                0x00000000200005e4                fruta
 .bss.snake_player
                0x00000000200005fc      0x344 ./Core/Src/main.o
                0x00000000200005fc                snake_player
 .bss.xTaskFrutaHandle
                0x0000000020000940        0x4 ./Core/Src/main.o
                0x0000000020000940                xTaskFrutaHandle
 .bss.xTaskPontoHandle
                0x0000000020000944        0x4 ./Core/Src/main.o
                0x0000000020000944                xTaskPontoHandle
 .bss.xTaskSnakeHandle
                0x0000000020000948        0x4 ./Core/Src/main.o
                0x0000000020000948                xTaskSnakeHandle
 .bss.xTaskMenuHandle
                0x000000002000094c        0x4 ./Core/Src/main.o
                0x000000002000094c                xTaskMenuHandle
 .bss.xTaskGameOverHandle
                0x0000000020000950        0x4 ./Core/Src/main.o
                0x0000000020000950                xTaskGameOverHandle
 .bss.xTaskLCDHandle
                0x0000000020000954        0x4 ./Core/Src/main.o
                0x0000000020000954                xTaskLCDHandle
 .bss.x.6       0x0000000020000958        0x4 ./Core/Src/main.o
 .bss.y.5       0x000000002000095c        0x4 ./Core/Src/main.o
 .bss.diff_eixo_x.2
                0x0000000020000960        0x4 ./Core/Src/main.o
 .bss.diff_eixo_y.1
                0x0000000020000964        0x4 ./Core/Src/main.o
 .bss.diff_eixo_x.0
                0x0000000020000968        0x4 ./Core/Src/main.o
 .bss.htim4     0x000000002000096c       0x48 ./Core/Src/stm32f1xx_hal_timebase_tim.o
                0x000000002000096c                htim4
 .bss.__sbrk_heap_end
                0x00000000200009b4        0x4 ./Core/Src/sysmem.o
 .bss.uwTick    0x00000000200009b8        0x4 ./Drivers/STM32F1xx_HAL_Driver/Src/stm32f1xx_hal.o
                0x00000000200009b8                uwTick
 .bss.pxCurrentTCB
                0x00000000200009bc        0x4 ./Middlewares/Third_Party/FreeRTOS/Source/tasks.o
                0x00000000200009bc                pxCurrentTCB
 .bss.pxReadyTasksLists
                0x00000000200009c0       0x8c ./Middlewares/Third_Party/FreeRTOS/Source/tasks.o
 .bss.xDelayedTaskList1
                0x0000000020000a4c       0x14 ./Middlewares/Third_Party/FreeRTOS/Source/tasks.o
 .bss.xDelayedTaskList2
                0x0000000020000a60       0x14 ./Middlewares/Third_Party/FreeRTOS/Source/tasks.o
 .bss.pxDelayedTaskList
                0x0000000020000a74        0x4 ./Middlewares/Third_Party/FreeRTOS/Source/tasks.o
 .bss.pxOverflowDelayedTaskList
                0x0000000020000a78        0x4 ./Middlewares/Third_Party/FreeRTOS/Source/tasks.o
 .bss.xPendingReadyList
                0x0000000020000a7c       0x14 ./Middlewares/Third_Party/FreeRTOS/Source/tasks.o
 .bss.xTasksWaitingTermination
                0x0000000020000a90       0x14 ./Middlewares/Third_Party/FreeRTOS/Source/tasks.o
 .bss.uxDeletedTasksWaitingCleanUp
                0x0000000020000aa4        0x4 ./Middlewares/Third_Party/FreeRTOS/Source/tasks.o
 .bss.xSuspendedTaskList
                0x0000000020000aa8       0x14 ./Middlewares/Third_Party/FreeRTOS/Source/tasks.o
 .bss.uxCurrentNumberOfTasks
                0x0000000020000abc        0x4 ./Middlewares/Third_Party/FreeRTOS/Source/tasks.o
 .bss.xTickCount
                0x0000000020000ac0        0x4 ./Middlewares/Third_Party/FreeRTOS/Source/tasks.o
 .bss.uxTopReadyPriority
                0x0000000020000ac4        0x4 ./Middlewares/Third_Party/FreeRTOS/Source/tasks.o
 .bss.xSchedulerRunning
                0x0000000020000ac8        0x4 ./Middlewares/Third_Party/FreeRTOS/Source/tasks.o
 .bss.uxPendedTicks
                0x0000000020000acc        0x4 ./Middlewares/Third_Party/FreeRTOS/Source/tasks.o
 .bss.xYieldPending
                0x0000000020000ad0        0x4 ./Middlewares/Third_Party/FreeRTOS/Source/tasks.o
 .bss.xNumOfOverflows
                0x0000000020000ad4        0x4 ./Middlewares/Third_Party/FreeRTOS/Source/tasks.o
 .bss.uxTaskNumber
                0x0000000020000ad8        0x4 ./Middlewares/Third_Party/FreeRTOS/Source/tasks.o
 .bss.xNextTaskUnblockTime
                0x0000000020000adc        0x4 ./Middlewares/Third_Party/FreeRTOS/Source/tasks.o
 .bss.xIdleTaskHandle
                0x0000000020000ae0        0x4 ./Middlewares/Third_Party/FreeRTOS/Source/tasks.o
 .bss.uxSchedulerSuspended
                0x0000000020000ae4        0x4 ./Middlewares/Third_Party/FreeRTOS/Source/tasks.o
 .bss.ucMaxSysCallPriority
                0x0000000020000ae8        0x1 ./Middlewares/Third_Party/FreeRTOS/Source/portable/GCC/ARM_CM3/port.o
 *fill*         0x0000000020000ae9        0x3 
 .bss.ulMaxPRIGROUPValue
                0x0000000020000aec        0x4 ./Middlewares/Third_Party/FreeRTOS/Source/portable/GCC/ARM_CM3/port.o
 .bss.ucHeap    0x0000000020000af0     0x3000 ./Middlewares/Third_Party/FreeRTOS/Source/portable/MemMang/heap_4.o
 .bss.xStart    0x0000000020003af0        0x8 ./Middlewares/Third_Party/FreeRTOS/Source/portable/MemMang/heap_4.o
 .bss.pxEnd     0x0000000020003af8        0x4 ./Middlewares/Third_Party/FreeRTOS/Source/portable/MemMang/heap_4.o
 .bss.xFreeBytesRemaining
                0x0000000020003afc        0x4 ./Middlewares/Third_Party/FreeRTOS/Source/portable/MemMang/heap_4.o
 .bss.xMinimumEverFreeBytesRemaining
                0x0000000020003b00        0x4 ./Middlewares/Third_Party/FreeRTOS/Source/portable/MemMang/heap_4.o
 .bss.xBlockAllocatedBit
                0x0000000020003b04        0x4 ./Middlewares/Third_Party/FreeRTOS/Source/portable/MemMang/heap_4.o
 .bss.__lock___malloc_recursive_mutex
                0x0000000020003b08        0x1 c:/st/stm32cubeide_1.11.2/stm32cubeide/plugins/com.st.stm32cube.ide.mcu.externaltools.gnu-tools-for-stm32.10.3-2021.10.win32_1.0.100.202210260954/tools/bin/../lib/gcc/arm-none-eabi/10.3.1/../../../../arm-none-eabi/lib/thumb/v7-m/nofp\libc_nano.a(lib_a-lock.o)
                0x0000000020003b08                __lock___malloc_recursive_mutex
 *fill*         0x0000000020003b09        0x3 
 .bss.__malloc_free_list
                0x0000000020003b0c        0x4 c:/st/stm32cubeide_1.11.2/stm32cubeide/plugins/com.st.stm32cube.ide.mcu.externaltools.gnu-tools-for-stm32.10.3-2021.10.win32_1.0.100.202210260954/tools/bin/../lib/gcc/arm-none-eabi/10.3.1/../../../../arm-none-eabi/lib/thumb/v7-m/nofp\libc_nano.a(lib_a-nano-mallocr.o)
                0x0000000020003b0c                __malloc_free_list
 .bss.__malloc_sbrk_start
                0x0000000020003b10        0x4 c:/st/stm32cubeide_1.11.2/stm32cubeide/plugins/com.st.stm32cube.ide.mcu.externaltools.gnu-tools-for-stm32.10.3-2021.10.win32_1.0.100.202210260954/tools/bin/../lib/gcc/arm-none-eabi/10.3.1/../../../../arm-none-eabi/lib/thumb/v7-m/nofp\libc_nano.a(lib_a-nano-mallocr.o)
                0x0000000020003b10                __malloc_sbrk_start
 .bss.errno     0x0000000020003b14        0x4 c:/st/stm32cubeide_1.11.2/stm32cubeide/plugins/com.st.stm32cube.ide.mcu.externaltools.gnu-tools-for-stm32.10.3-2021.10.win32_1.0.100.202210260954/tools/bin/../lib/gcc/arm-none-eabi/10.3.1/../../../../arm-none-eabi/lib/thumb/v7-m/nofp\libc_nano.a(lib_a-reent.o)
                0x0000000020003b14                errno
 *(COMMON)
                0x0000000020003b18                . = ALIGN (0x4)
                0x0000000020003b18                _ebss = .
                0x0000000020003b18                __bss_end__ = _ebss

._user_heap_stack
                0x0000000020003b18      0x600 load address 0x00000000080058e4
                0x0000000020003b18                . = ALIGN (0x8)
                [!provide]                        PROVIDE (end = .)
                0x0000000020003b18                PROVIDE (_end = .)
                0x0000000020003d18                . = (. + _Min_Heap_Size)
 *fill*         0x0000000020003b18      0x200 
                0x0000000020004118                . = (. + _Min_Stack_Size)
 *fill*         0x0000000020003d18      0x400 
                0x0000000020004118                . = ALIGN (0x8)

/DISCARD/
 libc.a(*)
 libm.a(*)
 libgcc.a(*)

.ARM.attributes
                0x0000000000000000       0x29
 *(.ARM.attributes)
 .ARM.attributes
                0x0000000000000000       0x1d c:/st/stm32cubeide_1.11.2/stm32cubeide/plugins/com.st.stm32cube.ide.mcu.externaltools.gnu-tools-for-stm32.10.3-2021.10.win32_1.0.100.202210260954/tools/bin/../lib/gcc/arm-none-eabi/10.3.1/thumb/v7-m/nofp/crti.o
 .ARM.attributes
                0x000000000000001d       0x2d c:/st/stm32cubeide_1.11.2/stm32cubeide/plugins/com.st.stm32cube.ide.mcu.externaltools.gnu-tools-for-stm32.10.3-2021.10.win32_1.0.100.202210260954/tools/bin/../lib/gcc/arm-none-eabi/10.3.1/thumb/v7-m/nofp/crtbegin.o
 .ARM.attributes
                0x000000000000004a       0x2d ./Core/Src/NOKIA5110_fb.o
 .ARM.attributes
                0x0000000000000077       0x2d ./Core/Src/PRNG_LFSR.o
 .ARM.attributes
                0x00000000000000a4       0x2d ./Core/Src/atraso.o
 .ARM.attributes
                0x00000000000000d1       0x2d ./Core/Src/freertos.o
 .ARM.attributes
                0x00000000000000fe       0x2d ./Core/Src/main.o
 .ARM.attributes
                0x000000000000012b       0x2d ./Core/Src/stm32f1xx_hal_msp.o
 .ARM.attributes
                0x0000000000000158       0x2d ./Core/Src/stm32f1xx_hal_timebase_tim.o
 .ARM.attributes
                0x0000000000000185       0x2d ./Core/Src/stm32f1xx_it.o
 .ARM.attributes
                0x00000000000001b2       0x2d ./Core/Src/sysmem.o
 .ARM.attributes
                0x00000000000001df       0x2d ./Core/Src/system_stm32f1xx.o
 .ARM.attributes
                0x000000000000020c       0x21 ./Core/Startup/startup_stm32f103c8tx.o
 .ARM.attributes
                0x000000000000022d       0x2d ./Drivers/STM32F1xx_HAL_Driver/Src/stm32f1xx_hal.o
 .ARM.attributes
                0x000000000000025a       0x2d ./Drivers/STM32F1xx_HAL_Driver/Src/stm32f1xx_hal_adc.o
 .ARM.attributes
                0x0000000000000287       0x2d ./Drivers/STM32F1xx_HAL_Driver/Src/stm32f1xx_hal_adc_ex.o
 .ARM.attributes
                0x00000000000002b4       0x2d ./Drivers/STM32F1xx_HAL_Driver/Src/stm32f1xx_hal_cortex.o
 .ARM.attributes
                0x00000000000002e1       0x2d ./Drivers/STM32F1xx_HAL_Driver/Src/stm32f1xx_hal_dma.o
 .ARM.attributes
                0x000000000000030e       0x2d ./Drivers/STM32F1xx_HAL_Driver/Src/stm32f1xx_hal_gpio.o
 .ARM.attributes
                0x000000000000033b       0x2d ./Drivers/STM32F1xx_HAL_Driver/Src/stm32f1xx_hal_rcc.o
 .ARM.attributes
                0x0000000000000368       0x2d ./Drivers/STM32F1xx_HAL_Driver/Src/stm32f1xx_hal_rcc_ex.o
 .ARM.attributes
                0x0000000000000395       0x2d ./Drivers/STM32F1xx_HAL_Driver/Src/stm32f1xx_hal_tim.o
 .ARM.attributes
                0x00000000000003c2       0x2d ./Drivers/STM32F1xx_HAL_Driver/Src/stm32f1xx_hal_tim_ex.o
 .ARM.attributes
                0x00000000000003ef       0x2d ./Middlewares/Third_Party/FreeRTOS/Source/CMSIS_RTOS/cmsis_os.o
 .ARM.attributes
                0x000000000000041c       0x2d ./Middlewares/Third_Party/FreeRTOS/Source/list.o
 .ARM.attributes
                0x0000000000000449       0x2d ./Middlewares/Third_Party/FreeRTOS/Source/tasks.o
 .ARM.attributes
                0x0000000000000476       0x2d ./Middlewares/Third_Party/FreeRTOS/Source/portable/GCC/ARM_CM3/port.o
 .ARM.attributes
                0x00000000000004a3       0x2d ./Middlewares/Third_Party/FreeRTOS/Source/portable/MemMang/heap_4.o
 .ARM.attributes
                0x00000000000004d0       0x2d c:/st/stm32cubeide_1.11.2/stm32cubeide/plugins/com.st.stm32cube.ide.mcu.externaltools.gnu-tools-for-stm32.10.3-2021.10.win32_1.0.100.202210260954/tools/bin/../lib/gcc/arm-none-eabi/10.3.1/../../../../arm-none-eabi/lib/thumb/v7-m/nofp\libc_nano.a(lib_a-errno.o)
 .ARM.attributes
                0x00000000000004fd       0x2d c:/st/stm32cubeide_1.11.2/stm32cubeide/plugins/com.st.stm32cube.ide.mcu.externaltools.gnu-tools-for-stm32.10.3-2021.10.win32_1.0.100.202210260954/tools/bin/../lib/gcc/arm-none-eabi/10.3.1/../../../../arm-none-eabi/lib/thumb/v7-m/nofp\libc_nano.a(lib_a-findfp.o)
 .ARM.attributes
                0x000000000000052a       0x2d c:/st/stm32cubeide_1.11.2/stm32cubeide/plugins/com.st.stm32cube.ide.mcu.externaltools.gnu-tools-for-stm32.10.3-2021.10.win32_1.0.100.202210260954/tools/bin/../lib/gcc/arm-none-eabi/10.3.1/../../../../arm-none-eabi/lib/thumb/v7-m/nofp\libc_nano.a(lib_a-impure.o)
 .ARM.attributes
                0x0000000000000557       0x2d c:/st/stm32cubeide_1.11.2/stm32cubeide/plugins/com.st.stm32cube.ide.mcu.externaltools.gnu-tools-for-stm32.10.3-2021.10.win32_1.0.100.202210260954/tools/bin/../lib/gcc/arm-none-eabi/10.3.1/../../../../arm-none-eabi/lib/thumb/v7-m/nofp\libc_nano.a(lib_a-init.o)
 .ARM.attributes
                0x0000000000000584       0x2d c:/st/stm32cubeide_1.11.2/stm32cubeide/plugins/com.st.stm32cube.ide.mcu.externaltools.gnu-tools-for-stm32.10.3-2021.10.win32_1.0.100.202210260954/tools/bin/../lib/gcc/arm-none-eabi/10.3.1/../../../../arm-none-eabi/lib/thumb/v7-m/nofp\libc_nano.a(lib_a-lock.o)
 .ARM.attributes
                0x00000000000005b1       0x2d c:/st/stm32cubeide_1.11.2/stm32cubeide/plugins/com.st.stm32cube.ide.mcu.externaltools.gnu-tools-for-stm32.10.3-2021.10.win32_1.0.100.202210260954/tools/bin/../lib/gcc/arm-none-eabi/10.3.1/../../../../arm-none-eabi/lib/thumb/v7-m/nofp\libc_nano.a(lib_a-memcpy-stub.o)
 .ARM.attributes
                0x00000000000005de       0x2d c:/st/stm32cubeide_1.11.2/stm32cubeide/plugins/com.st.stm32cube.ide.mcu.externaltools.gnu-tools-for-stm32.10.3-2021.10.win32_1.0.100.202210260954/tools/bin/../lib/gcc/arm-none-eabi/10.3.1/../../../../arm-none-eabi/lib/thumb/v7-m/nofp\libc_nano.a(lib_a-memset.o)
 .ARM.attributes
                0x000000000000060b       0x2d c:/st/stm32cubeide_1.11.2/stm32cubeide/plugins/com.st.stm32cube.ide.mcu.externaltools.gnu-tools-for-stm32.10.3-2021.10.win32_1.0.100.202210260954/tools/bin/../lib/gcc/arm-none-eabi/10.3.1/../../../../arm-none-eabi/lib/thumb/v7-m/nofp\libc_nano.a(lib_a-nano-mallocr.o)
 .ARM.attributes
                0x0000000000000638       0x2d c:/st/stm32cubeide_1.11.2/stm32cubeide/plugins/com.st.stm32cube.ide.mcu.externaltools.gnu-tools-for-stm32.10.3-2021.10.win32_1.0.100.202210260954/tools/bin/../lib/gcc/arm-none-eabi/10.3.1/../../../../arm-none-eabi/lib/thumb/v7-m/nofp\libc_nano.a(lib_a-reent.o)
 .ARM.attributes
                0x0000000000000665       0x2d c:/st/stm32cubeide_1.11.2/stm32cubeide/plugins/com.st.stm32cube.ide.mcu.externaltools.gnu-tools-for-stm32.10.3-2021.10.win32_1.0.100.202210260954/tools/bin/../lib/gcc/arm-none-eabi/10.3.1/../../../../arm-none-eabi/lib/thumb/v7-m/nofp\libc_nano.a(lib_a-sbrkr.o)
 .ARM.attributes
                0x0000000000000692       0x2d c:/st/stm32cubeide_1.11.2/stm32cubeide/plugins/com.st.stm32cube.ide.mcu.externaltools.gnu-tools-for-stm32.10.3-2021.10.win32_1.0.100.202210260954/tools/bin/../lib/gcc/arm-none-eabi/10.3.1/../../../../arm-none-eabi/lib/thumb/v7-m/nofp\libc_nano.a(lib_a-snprintf.o)
 .ARM.attributes
                0x00000000000006bf       0x2d c:/st/stm32cubeide_1.11.2/stm32cubeide/plugins/com.st.stm32cube.ide.mcu.externaltools.gnu-tools-for-stm32.10.3-2021.10.win32_1.0.100.202210260954/tools/bin/../lib/gcc/arm-none-eabi/10.3.1/../../../../arm-none-eabi/lib/thumb/v7-m/nofp\libc_nano.a(lib_a-mlock.o)
 .ARM.attributes
                0x00000000000006ec       0x2d c:/st/stm32cubeide_1.11.2/stm32cubeide/plugins/com.st.stm32cube.ide.mcu.externaltools.gnu-tools-for-stm32.10.3-2021.10.win32_1.0.100.202210260954/tools/bin/../lib/gcc/arm-none-eabi/10.3.1/../../../../arm-none-eabi/lib/thumb/v7-m/nofp\libc_nano.a(lib_a-nano-freer.o)
 .ARM.attributes
                0x0000000000000719       0x2d c:/st/stm32cubeide_1.11.2/stm32cubeide/plugins/com.st.stm32cube.ide.mcu.externaltools.gnu-tools-for-stm32.10.3-2021.10.win32_1.0.100.202210260954/tools/bin/../lib/gcc/arm-none-eabi/10.3.1/../../../../arm-none-eabi/lib/thumb/v7-m/nofp\libc_nano.a(lib_a-nano-svfprintf.o)
 .ARM.attributes
                0x0000000000000746       0x2d c:/st/stm32cubeide_1.11.2/stm32cubeide/plugins/com.st.stm32cube.ide.mcu.externaltools.gnu-tools-for-stm32.10.3-2021.10.win32_1.0.100.202210260954/tools/bin/../lib/gcc/arm-none-eabi/10.3.1/../../../../arm-none-eabi/lib/thumb/v7-m/nofp\libc_nano.a(lib_a-nano-vfprintf_i.o)
 .ARM.attributes
                0x0000000000000773       0x2d c:/st/stm32cubeide_1.11.2/stm32cubeide/plugins/com.st.stm32cube.ide.mcu.externaltools.gnu-tools-for-stm32.10.3-2021.10.win32_1.0.100.202210260954/tools/bin/../lib/gcc/arm-none-eabi/10.3.1/../../../../arm-none-eabi/lib/thumb/v7-m/nofp\libc_nano.a(lib_a-memchr-stub.o)
 .ARM.attributes
                0x00000000000007a0       0x2d c:/st/stm32cubeide_1.11.2/stm32cubeide/plugins/com.st.stm32cube.ide.mcu.externaltools.gnu-tools-for-stm32.10.3-2021.10.win32_1.0.100.202210260954/tools/bin/../lib/gcc/arm-none-eabi/10.3.1/../../../../arm-none-eabi/lib/thumb/v7-m/nofp\libc_nano.a(lib_a-memmove.o)
 .ARM.attributes
                0x00000000000007cd       0x2d c:/st/stm32cubeide_1.11.2/stm32cubeide/plugins/com.st.stm32cube.ide.mcu.externaltools.gnu-tools-for-stm32.10.3-2021.10.win32_1.0.100.202210260954/tools/bin/../lib/gcc/arm-none-eabi/10.3.1/../../../../arm-none-eabi/lib/thumb/v7-m/nofp\libc_nano.a(lib_a-nano-reallocr.o)
 .ARM.attributes
                0x00000000000007fa       0x2d c:/st/stm32cubeide_1.11.2/stm32cubeide/plugins/com.st.stm32cube.ide.mcu.externaltools.gnu-tools-for-stm32.10.3-2021.10.win32_1.0.100.202210260954/tools/bin/../lib/gcc/arm-none-eabi/10.3.1/../../../../arm-none-eabi/lib/thumb/v7-m/nofp\libc_nano.a(lib_a-nano-msizer.o)
 .ARM.attributes
                0x0000000000000827       0x1d c:/st/stm32cubeide_1.11.2/stm32cubeide/plugins/com.st.stm32cube.ide.mcu.externaltools.gnu-tools-for-stm32.10.3-2021.10.win32_1.0.100.202210260954/tools/bin/../lib/gcc/arm-none-eabi/10.3.1/thumb/v7-m/nofp/crtn.o
OUTPUT(Snake_Game_STM32F103C8.elf elf32-littlearm)
LOAD linker stubs
LOAD c:/st/stm32cubeide_1.11.2/stm32cubeide/plugins/com.st.stm32cube.ide.mcu.externaltools.gnu-tools-for-stm32.10.3-2021.10.win32_1.0.100.202210260954/tools/bin/../lib/gcc/arm-none-eabi/10.3.1/../../../../arm-none-eabi/lib/thumb/v7-m/nofp\libc.a
LOAD c:/st/stm32cubeide_1.11.2/stm32cubeide/plugins/com.st.stm32cube.ide.mcu.externaltools.gnu-tools-for-stm32.10.3-2021.10.win32_1.0.100.202210260954/tools/bin/../lib/gcc/arm-none-eabi/10.3.1/../../../../arm-none-eabi/lib/thumb/v7-m/nofp\libm.a
LOAD c:/st/stm32cubeide_1.11.2/stm32cubeide/plugins/com.st.stm32cube.ide.mcu.externaltools.gnu-tools-for-stm32.10.3-2021.10.win32_1.0.100.202210260954/tools/bin/../lib/gcc/arm-none-eabi/10.3.1/thumb/v7-m/nofp\libgcc.a

.debug_info     0x0000000000000000    0x125c8
 .debug_info    0x0000000000000000      0x8f8 ./Core/Src/NOKIA5110_fb.o
 .debug_info    0x00000000000008f8       0xf4 ./Core/Src/PRNG_LFSR.o
 .debug_info    0x00000000000009ec       0xf6 ./Core/Src/atraso.o
 .debug_info    0x0000000000000ae2      0x9b6 ./Core/Src/freertos.o
 .debug_info    0x0000000000001498     0x1a8a ./Core/Src/main.o
 .debug_info    0x0000000000002f22      0xa16 ./Core/Src/stm32f1xx_hal_msp.o
 .debug_info    0x0000000000003938      0x9ce ./Core/Src/stm32f1xx_hal_timebase_tim.o
 .debug_info    0x0000000000004306      0x931 ./Core/Src/stm32f1xx_it.o
 .debug_info    0x0000000000004c37      0x171 ./Core/Src/sysmem.o
 .debug_info    0x0000000000004da8      0x23d ./Core/Src/system_stm32f1xx.o
 .debug_info    0x0000000000004fe5       0x22 ./Core/Startup/startup_stm32f103c8tx.o
 .debug_info    0x0000000000005007      0x734 ./Drivers/STM32F1xx_HAL_Driver/Src/stm32f1xx_hal.o
 .debug_info    0x000000000000573b      0xcd9 ./Drivers/STM32F1xx_HAL_Driver/Src/stm32f1xx_hal_adc.o
 .debug_info    0x0000000000006414      0xa8f ./Drivers/STM32F1xx_HAL_Driver/Src/stm32f1xx_hal_adc_ex.o
 .debug_info    0x0000000000006ea3      0xb20 ./Drivers/STM32F1xx_HAL_Driver/Src/stm32f1xx_hal_cortex.o
 .debug_info    0x00000000000079c3      0x73f ./Drivers/STM32F1xx_HAL_Driver/Src/stm32f1xx_hal_dma.o
 .debug_info    0x0000000000008102      0x615 ./Drivers/STM32F1xx_HAL_Driver/Src/stm32f1xx_hal_gpio.o
 .debug_info    0x0000000000008717      0x860 ./Drivers/STM32F1xx_HAL_Driver/Src/stm32f1xx_hal_rcc.o
 .debug_info    0x0000000000008f77      0x3e0 ./Drivers/STM32F1xx_HAL_Driver/Src/stm32f1xx_hal_rcc_ex.o
 .debug_info    0x0000000000009357     0x29de ./Drivers/STM32F1xx_HAL_Driver/Src/stm32f1xx_hal_tim.o
 .debug_info    0x000000000000bd35     0x1513 ./Drivers/STM32F1xx_HAL_Driver/Src/stm32f1xx_hal_tim_ex.o
 .debug_info    0x000000000000d248     0x232c ./Middlewares/Third_Party/FreeRTOS/Source/CMSIS_RTOS/cmsis_os.o
 .debug_info    0x000000000000f574      0x2cb ./Middlewares/Third_Party/FreeRTOS/Source/list.o
 .debug_info    0x000000000000f83f     0x24ea ./Middlewares/Third_Party/FreeRTOS/Source/tasks.o
 .debug_info    0x0000000000011d29      0x4b7 ./Middlewares/Third_Party/FreeRTOS/Source/portable/GCC/ARM_CM3/port.o
 .debug_info    0x00000000000121e0      0x3e8 ./Middlewares/Third_Party/FreeRTOS/Source/portable/MemMang/heap_4.o

.debug_abbrev   0x0000000000000000     0x32fd
 .debug_abbrev  0x0000000000000000      0x291 ./Core/Src/NOKIA5110_fb.o
 .debug_abbrev  0x0000000000000291       0xa7 ./Core/Src/PRNG_LFSR.o
 .debug_abbrev  0x0000000000000338       0x83 ./Core/Src/atraso.o
 .debug_abbrev  0x00000000000003bb      0x169 ./Core/Src/freertos.o
 .debug_abbrev  0x0000000000000524      0x3aa ./Core/Src/main.o
 .debug_abbrev  0x00000000000008ce      0x1ef ./Core/Src/stm32f1xx_hal_msp.o
 .debug_abbrev  0x0000000000000abd      0x1d3 ./Core/Src/stm32f1xx_hal_timebase_tim.o
 .debug_abbrev  0x0000000000000c90      0x182 ./Core/Src/stm32f1xx_it.o
 .debug_abbrev  0x0000000000000e12       0xbb ./Core/Src/sysmem.o
 .debug_abbrev  0x0000000000000ecd      0x13b ./Core/Src/system_stm32f1xx.o
 .debug_abbrev  0x0000000000001008       0x12 ./Core/Startup/startup_stm32f103c8tx.o
 .debug_abbrev  0x000000000000101a      0x1fb ./Drivers/STM32F1xx_HAL_Driver/Src/stm32f1xx_hal.o
 .debug_abbrev  0x0000000000001215      0x210 ./Drivers/STM32F1xx_HAL_Driver/Src/stm32f1xx_hal_adc.o
 .debug_abbrev  0x0000000000001425      0x234 ./Drivers/STM32F1xx_HAL_Driver/Src/stm32f1xx_hal_adc_ex.o
 .debug_abbrev  0x0000000000001659      0x2ed ./Drivers/STM32F1xx_HAL_Driver/Src/stm32f1xx_hal_cortex.o
 .debug_abbrev  0x0000000000001946      0x1fe ./Drivers/STM32F1xx_HAL_Driver/Src/stm32f1xx_hal_dma.o
 .debug_abbrev  0x0000000000001b44      0x1bb ./Drivers/STM32F1xx_HAL_Driver/Src/stm32f1xx_hal_gpio.o
 .debug_abbrev  0x0000000000001cff      0x2a8 ./Drivers/STM32F1xx_HAL_Driver/Src/stm32f1xx_hal_rcc.o
 .debug_abbrev  0x0000000000001fa7      0x182 ./Drivers/STM32F1xx_HAL_Driver/Src/stm32f1xx_hal_rcc_ex.o
 .debug_abbrev  0x0000000000002129      0x25d ./Drivers/STM32F1xx_HAL_Driver/Src/stm32f1xx_hal_tim.o
 .debug_abbrev  0x0000000000002386      0x265 ./Drivers/STM32F1xx_HAL_Driver/Src/stm32f1xx_hal_tim_ex.o
 .debug_abbrev  0x00000000000025eb      0x406 ./Middlewares/Third_Party/FreeRTOS/Source/CMSIS_RTOS/cmsis_os.o
 .debug_abbrev  0x00000000000029f1       0xf2 ./Middlewares/Third_Party/FreeRTOS/Source/list.o
 .debug_abbrev  0x0000000000002ae3      0x3c4 ./Middlewares/Third_Party/FreeRTOS/Source/tasks.o
 .debug_abbrev  0x0000000000002ea7      0x257 ./Middlewares/Third_Party/FreeRTOS/Source/portable/GCC/ARM_CM3/port.o
 .debug_abbrev  0x00000000000030fe      0x1ff ./Middlewares/Third_Party/FreeRTOS/Source/portable/MemMang/heap_4.o

.debug_aranges  0x0000000000000000     0x1188
 .debug_aranges
                0x0000000000000000       0xa0 ./Core/Src/NOKIA5110_fb.o
 .debug_aranges
                0x00000000000000a0       0x28 ./Core/Src/PRNG_LFSR.o
 .debug_aranges
                0x00000000000000c8       0x30 ./Core/Src/atraso.o
 .debug_aranges
                0x00000000000000f8       0x20 ./Core/Src/freertos.o
 .debug_aranges
                0x0000000000000118       0x98 ./Core/Src/main.o
 .debug_aranges
                0x00000000000001b0       0x30 ./Core/Src/stm32f1xx_hal_msp.o
 .debug_aranges
                0x00000000000001e0       0x30 ./Core/Src/stm32f1xx_hal_timebase_tim.o
 .debug_aranges
                0x0000000000000210       0x60 ./Core/Src/stm32f1xx_it.o
 .debug_aranges
                0x0000000000000270       0x20 ./Core/Src/sysmem.o
 .debug_aranges
                0x0000000000000290       0x28 ./Core/Src/system_stm32f1xx.o
 .debug_aranges
                0x00000000000002b8       0x28 ./Core/Startup/startup_stm32f103c8tx.o
 .debug_aranges
                0x00000000000002e0       0xe0 ./Drivers/STM32F1xx_HAL_Driver/Src/stm32f1xx_hal.o
 .debug_aranges
                0x00000000000003c0       0xf0 ./Drivers/STM32F1xx_HAL_Driver/Src/stm32f1xx_hal_adc.o
 .debug_aranges
                0x00000000000004b0       0x80 ./Drivers/STM32F1xx_HAL_Driver/Src/stm32f1xx_hal_adc_ex.o
 .debug_aranges
                0x0000000000000530      0x100 ./Drivers/STM32F1xx_HAL_Driver/Src/stm32f1xx_hal_cortex.o
 .debug_aranges
                0x0000000000000630       0x80 ./Drivers/STM32F1xx_HAL_Driver/Src/stm32f1xx_hal_dma.o
 .debug_aranges
                0x00000000000006b0       0x58 ./Drivers/STM32F1xx_HAL_Driver/Src/stm32f1xx_hal_gpio.o
 .debug_aranges
                0x0000000000000708       0x90 ./Drivers/STM32F1xx_HAL_Driver/Src/stm32f1xx_hal_rcc.o
 .debug_aranges
                0x0000000000000798       0x30 ./Drivers/STM32F1xx_HAL_Driver/Src/stm32f1xx_hal_rcc_ex.o
 .debug_aranges
                0x00000000000007c8      0x3d0 ./Drivers/STM32F1xx_HAL_Driver/Src/stm32f1xx_hal_tim.o
 .debug_aranges
                0x0000000000000b98      0x168 ./Drivers/STM32F1xx_HAL_Driver/Src/stm32f1xx_hal_tim_ex.o
 .debug_aranges
                0x0000000000000d00      0x1d8 ./Middlewares/Third_Party/FreeRTOS/Source/CMSIS_RTOS/cmsis_os.o
 .debug_aranges
                0x0000000000000ed8       0x40 ./Middlewares/Third_Party/FreeRTOS/Source/list.o
 .debug_aranges
                0x0000000000000f18      0x1a8 ./Middlewares/Third_Party/FreeRTOS/Source/tasks.o
 .debug_aranges
                0x00000000000010c0       0x78 ./Middlewares/Third_Party/FreeRTOS/Source/portable/GCC/ARM_CM3/port.o
 .debug_aranges
                0x0000000000001138       0x50 ./Middlewares/Third_Party/FreeRTOS/Source/portable/MemMang/heap_4.o

.debug_ranges   0x0000000000000000      0xff0
 .debug_ranges  0x0000000000000000       0x90 ./Core/Src/NOKIA5110_fb.o
 .debug_ranges  0x0000000000000090       0x18 ./Core/Src/PRNG_LFSR.o
 .debug_ranges  0x00000000000000a8       0x20 ./Core/Src/atraso.o
 .debug_ranges  0x00000000000000c8       0x10 ./Core/Src/freertos.o
 .debug_ranges  0x00000000000000d8       0x88 ./Core/Src/main.o
 .debug_ranges  0x0000000000000160       0x20 ./Core/Src/stm32f1xx_hal_msp.o
 .debug_ranges  0x0000000000000180       0x20 ./Core/Src/stm32f1xx_hal_timebase_tim.o
 .debug_ranges  0x00000000000001a0       0x50 ./Core/Src/stm32f1xx_it.o
 .debug_ranges  0x00000000000001f0       0x10 ./Core/Src/sysmem.o
 .debug_ranges  0x0000000000000200       0x18 ./Core/Src/system_stm32f1xx.o
 .debug_ranges  0x0000000000000218       0x20 ./Core/Startup/startup_stm32f103c8tx.o
 .debug_ranges  0x0000000000000238       0xd0 ./Drivers/STM32F1xx_HAL_Driver/Src/stm32f1xx_hal.o
 .debug_ranges  0x0000000000000308       0xe0 ./Drivers/STM32F1xx_HAL_Driver/Src/stm32f1xx_hal_adc.o
 .debug_ranges  0x00000000000003e8       0x70 ./Drivers/STM32F1xx_HAL_Driver/Src/stm32f1xx_hal_adc_ex.o
 .debug_ranges  0x0000000000000458       0xf0 ./Drivers/STM32F1xx_HAL_Driver/Src/stm32f1xx_hal_cortex.o
 .debug_ranges  0x0000000000000548       0x70 ./Drivers/STM32F1xx_HAL_Driver/Src/stm32f1xx_hal_dma.o
 .debug_ranges  0x00000000000005b8       0x48 ./Drivers/STM32F1xx_HAL_Driver/Src/stm32f1xx_hal_gpio.o
 .debug_ranges  0x0000000000000600       0x80 ./Drivers/STM32F1xx_HAL_Driver/Src/stm32f1xx_hal_rcc.o
 .debug_ranges  0x0000000000000680       0x20 ./Drivers/STM32F1xx_HAL_Driver/Src/stm32f1xx_hal_rcc_ex.o
 .debug_ranges  0x00000000000006a0      0x3c0 ./Drivers/STM32F1xx_HAL_Driver/Src/stm32f1xx_hal_tim.o
 .debug_ranges  0x0000000000000a60      0x158 ./Drivers/STM32F1xx_HAL_Driver/Src/stm32f1xx_hal_tim_ex.o
 .debug_ranges  0x0000000000000bb8      0x1c8 ./Middlewares/Third_Party/FreeRTOS/Source/CMSIS_RTOS/cmsis_os.o
 .debug_ranges  0x0000000000000d80       0x30 ./Middlewares/Third_Party/FreeRTOS/Source/list.o
 .debug_ranges  0x0000000000000db0      0x198 ./Middlewares/Third_Party/FreeRTOS/Source/tasks.o
 .debug_ranges  0x0000000000000f48       0x68 ./Middlewares/Third_Party/FreeRTOS/Source/portable/GCC/ARM_CM3/port.o
 .debug_ranges  0x0000000000000fb0       0x40 ./Middlewares/Third_Party/FreeRTOS/Source/portable/MemMang/heap_4.o

.debug_macro    0x0000000000000000    0x1a871
 .debug_macro   0x0000000000000000      0x29b ./Core/Src/NOKIA5110_fb.o
 .debug_macro   0x000000000000029b      0xa6c ./Core/Src/NOKIA5110_fb.o
 .debug_macro   0x0000000000000d07      0x221 ./Core/Src/NOKIA5110_fb.o
 .debug_macro   0x0000000000000f28       0x2e ./Core/Src/NOKIA5110_fb.o
 .debug_macro   0x0000000000000f56       0x22 ./Core/Src/NOKIA5110_fb.o
 .debug_macro   0x0000000000000f78       0x22 ./Core/Src/NOKIA5110_fb.o
 .debug_macro   0x0000000000000f9a       0x8e ./Core/Src/NOKIA5110_fb.o
 .debug_macro   0x0000000000001028       0x51 ./Core/Src/NOKIA5110_fb.o
 .debug_macro   0x0000000000001079      0x103 ./Core/Src/NOKIA5110_fb.o
 .debug_macro   0x000000000000117c       0x6a ./Core/Src/NOKIA5110_fb.o
 .debug_macro   0x00000000000011e6      0x1df ./Core/Src/NOKIA5110_fb.o
 .debug_macro   0x00000000000013c5       0x1c ./Core/Src/NOKIA5110_fb.o
 .debug_macro   0x00000000000013e1       0x22 ./Core/Src/NOKIA5110_fb.o
 .debug_macro   0x0000000000001403       0xbd ./Core/Src/NOKIA5110_fb.o
 .debug_macro   0x00000000000014c0      0xd23 ./Core/Src/NOKIA5110_fb.o
 .debug_macro   0x00000000000021e3     0xe09e ./Core/Src/NOKIA5110_fb.o
 .debug_macro   0x0000000000010281       0x6d ./Core/Src/NOKIA5110_fb.o
 .debug_macro   0x00000000000102ee     0x3468 ./Core/Src/NOKIA5110_fb.o
 .debug_macro   0x0000000000013756      0x174 ./Core/Src/NOKIA5110_fb.o
 .debug_macro   0x00000000000138ca       0x5c ./Core/Src/NOKIA5110_fb.o
 .debug_macro   0x0000000000013926      0x5be ./Core/Src/NOKIA5110_fb.o
 .debug_macro   0x0000000000013ee4      0x289 ./Core/Src/NOKIA5110_fb.o
 .debug_macro   0x000000000001416d      0x1cb ./Core/Src/NOKIA5110_fb.o
 .debug_macro   0x0000000000014338      0x114 ./Core/Src/NOKIA5110_fb.o
 .debug_macro   0x000000000001444c      0x1b2 ./Core/Src/NOKIA5110_fb.o
 .debug_macro   0x00000000000145fe       0x27 ./Core/Src/NOKIA5110_fb.o
 .debug_macro   0x0000000000014625      0x136 ./Core/Src/NOKIA5110_fb.o
 .debug_macro   0x000000000001475b      0x1bc ./Core/Src/NOKIA5110_fb.o
 .debug_macro   0x0000000000014917       0x34 ./Core/Src/NOKIA5110_fb.o
 .debug_macro   0x000000000001494b       0x3c ./Core/Src/NOKIA5110_fb.o
 .debug_macro   0x0000000000014987       0x57 ./Core/Src/NOKIA5110_fb.o
 .debug_macro   0x00000000000149de      0x46a ./Core/Src/NOKIA5110_fb.o
 .debug_macro   0x0000000000014e48      0x1b5 ./Core/Src/NOKIA5110_fb.o
 .debug_macro   0x0000000000014ffd       0x88 ./Core/Src/NOKIA5110_fb.o
 .debug_macro   0x0000000000015085      0x241 ./Core/Src/NOKIA5110_fb.o
 .debug_macro   0x00000000000152c6      0x141 ./Core/Src/NOKIA5110_fb.o
 .debug_macro   0x0000000000015407      0x8d1 ./Core/Src/NOKIA5110_fb.o
 .debug_macro   0x0000000000015cd8       0x83 ./Core/Src/NOKIA5110_fb.o
 .debug_macro   0x0000000000015d5b       0x2e ./Core/Src/NOKIA5110_fb.o
 .debug_macro   0x0000000000015d89       0x18 ./Core/Src/NOKIA5110_fb.o
 .debug_macro   0x0000000000015da1       0x52 ./Core/Src/NOKIA5110_fb.o
 .debug_macro   0x0000000000015df3       0x3c ./Core/Src/NOKIA5110_fb.o
 .debug_macro   0x0000000000015e2f       0x34 ./Core/Src/NOKIA5110_fb.o
 .debug_macro   0x0000000000015e63       0x16 ./Core/Src/NOKIA5110_fb.o
 .debug_macro   0x0000000000015e79       0x35 ./Core/Src/NOKIA5110_fb.o
 .debug_macro   0x0000000000015eae       0x16 ./Core/Src/NOKIA5110_fb.o
 .debug_macro   0x0000000000015ec4       0x43 ./Core/Src/NOKIA5110_fb.o
 .debug_macro   0x0000000000015f07       0x34 ./Core/Src/NOKIA5110_fb.o
 .debug_macro   0x0000000000015f3b       0x10 ./Core/Src/NOKIA5110_fb.o
 .debug_macro   0x0000000000015f4b       0x58 ./Core/Src/NOKIA5110_fb.o
 .debug_macro   0x0000000000015fa3       0x71 ./Core/Src/NOKIA5110_fb.o
 .debug_macro   0x0000000000016014       0x1c ./Core/Src/NOKIA5110_fb.o
 .debug_macro   0x0000000000016030      0x12a ./Core/Src/NOKIA5110_fb.o
 .debug_macro   0x000000000001615a      0x341 ./Core/Src/NOKIA5110_fb.o
 .debug_macro   0x000000000001649b       0x16 ./Core/Src/NOKIA5110_fb.o
 .debug_macro   0x00000000000164b1       0x29 ./Core/Src/NOKIA5110_fb.o
 .debug_macro   0x00000000000164da       0x52 ./Core/Src/NOKIA5110_fb.o
 .debug_macro   0x000000000001652c      0x1a9 ./Core/Src/PRNG_LFSR.o
 .debug_macro   0x00000000000166d5       0x4c ./Core/Src/PRNG_LFSR.o
 .debug_macro   0x0000000000016721       0x94 ./Core/Src/PRNG_LFSR.o
 .debug_macro   0x00000000000167b5       0x16 ./Core/Src/PRNG_LFSR.o
 .debug_macro   0x00000000000167cb       0x57 ./Core/Src/PRNG_LFSR.o
 .debug_macro   0x0000000000016822       0x97 ./Core/Src/PRNG_LFSR.o
 .debug_macro   0x00000000000168b9       0xfd ./Core/Src/PRNG_LFSR.o
 .debug_macro   0x00000000000169b6       0x10 ./Core/Src/PRNG_LFSR.o
 .debug_macro   0x00000000000169c6       0x10 ./Core/Src/PRNG_LFSR.o
 .debug_macro   0x00000000000169d6       0x1c ./Core/Src/PRNG_LFSR.o
 .debug_macro   0x00000000000169f2       0x52 ./Core/Src/PRNG_LFSR.o
 .debug_macro   0x0000000000016a44       0x22 ./Core/Src/PRNG_LFSR.o
 .debug_macro   0x0000000000016a66       0x10 ./Core/Src/PRNG_LFSR.o
 .debug_macro   0x0000000000016a76       0x52 ./Core/Src/PRNG_LFSR.o
 .debug_macro   0x0000000000016ac8       0xd5 ./Core/Src/PRNG_LFSR.o
 .debug_macro   0x0000000000016b9d       0x1c ./Core/Src/PRNG_LFSR.o
 .debug_macro   0x0000000000016bb9       0x3d ./Core/Src/PRNG_LFSR.o
 .debug_macro   0x0000000000016bf6       0x16 ./Core/Src/PRNG_LFSR.o
 .debug_macro   0x0000000000016c0c      0x145 ./Core/Src/PRNG_LFSR.o
 .debug_macro   0x0000000000016d51       0x6d ./Core/Src/atraso.o
 .debug_macro   0x0000000000016dbe      0x2bc ./Core/Src/freertos.o
 .debug_macro   0x000000000001707a       0xdc ./Core/Src/freertos.o
 .debug_macro   0x0000000000017156      0x15a ./Core/Src/freertos.o
 .debug_macro   0x00000000000172b0       0xd7 ./Core/Src/freertos.o
 .debug_macro   0x0000000000017387       0x10 ./Core/Src/freertos.o
 .debug_macro   0x0000000000017397       0x1f ./Core/Src/freertos.o
 .debug_macro   0x00000000000173b6       0x10 ./Core/Src/freertos.o
 .debug_macro   0x00000000000173c6      0x4b1 ./Core/Src/freertos.o
 .debug_macro   0x0000000000017877       0xb5 ./Core/Src/freertos.o
 .debug_macro   0x000000000001792c       0x8c ./Core/Src/freertos.o
 .debug_macro   0x00000000000179b8      0x45a ./Core/Src/main.o
 .debug_macro   0x0000000000017e12       0xdc ./Core/Src/main.o
 .debug_macro   0x0000000000017eee       0x91 ./Core/Src/main.o
 .debug_macro   0x0000000000017f7f       0x8d ./Core/Src/main.o
 .debug_macro   0x000000000001800c       0x7e ./Core/Src/main.o
 .debug_macro   0x000000000001808a       0x19 ./Core/Src/main.o
 .debug_macro   0x00000000000180a3       0xf2 ./Core/Src/main.o
 .debug_macro   0x0000000000018195       0x1c ./Core/Src/main.o
 .debug_macro   0x00000000000181b1       0x16 ./Core/Src/main.o
 .debug_macro   0x00000000000181c7      0x1b7 ./Core/Src/stm32f1xx_hal_msp.o
 .debug_macro   0x000000000001837e      0x1ad ./Core/Src/stm32f1xx_hal_timebase_tim.o
 .debug_macro   0x000000000001852b      0x1c1 ./Core/Src/stm32f1xx_it.o
 .debug_macro   0x00000000000186ec       0xff ./Core/Src/sysmem.o
 .debug_macro   0x00000000000187eb      0x23b ./Core/Src/sysmem.o
 .debug_macro   0x0000000000018a26      0x1ad ./Core/Src/system_stm32f1xx.o
 .debug_macro   0x0000000000018bd3      0x1d1 ./Drivers/STM32F1xx_HAL_Driver/Src/stm32f1xx_hal.o
 .debug_macro   0x0000000000018da4      0x1ca ./Drivers/STM32F1xx_HAL_Driver/Src/stm32f1xx_hal_adc.o
 .debug_macro   0x0000000000018f6e      0x1bf ./Drivers/STM32F1xx_HAL_Driver/Src/stm32f1xx_hal_adc_ex.o
 .debug_macro   0x000000000001912d      0x1ad ./Drivers/STM32F1xx_HAL_Driver/Src/stm32f1xx_hal_cortex.o
 .debug_macro   0x00000000000192da      0x1ad ./Drivers/STM32F1xx_HAL_Driver/Src/stm32f1xx_hal_dma.o
 .debug_macro   0x0000000000019487      0x218 ./Drivers/STM32F1xx_HAL_Driver/Src/stm32f1xx_hal_gpio.o
 .debug_macro   0x000000000001969f      0x1bf ./Drivers/STM32F1xx_HAL_Driver/Src/stm32f1xx_hal_rcc.o
 .debug_macro   0x000000000001985e      0x1ad ./Drivers/STM32F1xx_HAL_Driver/Src/stm32f1xx_hal_rcc_ex.o
 .debug_macro   0x0000000000019a0b      0x1ae ./Drivers/STM32F1xx_HAL_Driver/Src/stm32f1xx_hal_tim.o
 .debug_macro   0x0000000000019bb9      0x1ad ./Drivers/STM32F1xx_HAL_Driver/Src/stm32f1xx_hal_tim_ex.o
 .debug_macro   0x0000000000019d66      0x210 ./Middlewares/Third_Party/FreeRTOS/Source/CMSIS_RTOS/cmsis_os.o
 .debug_macro   0x0000000000019f76       0x10 ./Middlewares/Third_Party/FreeRTOS/Source/CMSIS_RTOS/cmsis_os.o
 .debug_macro   0x0000000000019f86       0x20 ./Middlewares/Third_Party/FreeRTOS/Source/CMSIS_RTOS/cmsis_os.o
 .debug_macro   0x0000000000019fa6       0x16 ./Middlewares/Third_Party/FreeRTOS/Source/CMSIS_RTOS/cmsis_os.o
 .debug_macro   0x0000000000019fbc       0xab ./Middlewares/Third_Party/FreeRTOS/Source/CMSIS_RTOS/cmsis_os.o
 .debug_macro   0x000000000001a067      0x199 ./Middlewares/Third_Party/FreeRTOS/Source/list.o
 .debug_macro   0x000000000001a200      0x292 ./Middlewares/Third_Party/FreeRTOS/Source/tasks.o
 .debug_macro   0x000000000001a492       0x10 ./Middlewares/Third_Party/FreeRTOS/Source/tasks.o
 .debug_macro   0x000000000001a4a2      0x20f ./Middlewares/Third_Party/FreeRTOS/Source/portable/GCC/ARM_CM3/port.o
 .debug_macro   0x000000000001a6b1      0x1c0 ./Middlewares/Third_Party/FreeRTOS/Source/portable/MemMang/heap_4.o

.debug_line     0x0000000000000000    0x1416d
 .debug_line    0x0000000000000000     0x10d9 ./Core/Src/NOKIA5110_fb.o
 .debug_line    0x00000000000010d9      0x5a2 ./Core/Src/PRNG_LFSR.o
 .debug_line    0x000000000000167b      0x3ce ./Core/Src/atraso.o
 .debug_line    0x0000000000001a49      0x8bd ./Core/Src/freertos.o
 .debug_line    0x0000000000002306      0xfa4 ./Core/Src/main.o
 .debug_line    0x00000000000032aa      0x701 ./Core/Src/stm32f1xx_hal_msp.o
 .debug_line    0x00000000000039ab      0x6f2 ./Core/Src/stm32f1xx_hal_timebase_tim.o
 .debug_line    0x000000000000409d      0x75f ./Core/Src/stm32f1xx_it.o
 .debug_line    0x00000000000047fc      0x4f4 ./Core/Src/sysmem.o
 .debug_line    0x0000000000004cf0      0x711 ./Core/Src/system_stm32f1xx.o
 .debug_line    0x0000000000005401       0x84 ./Core/Startup/startup_stm32f103c8tx.o
 .debug_line    0x0000000000005485      0x93e ./Drivers/STM32F1xx_HAL_Driver/Src/stm32f1xx_hal.o
 .debug_line    0x0000000000005dc3      0xfb5 ./Drivers/STM32F1xx_HAL_Driver/Src/stm32f1xx_hal_adc.o
 .debug_line    0x0000000000006d78      0xd03 ./Drivers/STM32F1xx_HAL_Driver/Src/stm32f1xx_hal_adc_ex.o
 .debug_line    0x0000000000007a7b      0xb26 ./Drivers/STM32F1xx_HAL_Driver/Src/stm32f1xx_hal_cortex.o
 .debug_line    0x00000000000085a1      0xd96 ./Drivers/STM32F1xx_HAL_Driver/Src/stm32f1xx_hal_dma.o
 .debug_line    0x0000000000009337      0x9d5 ./Drivers/STM32F1xx_HAL_Driver/Src/stm32f1xx_hal_gpio.o
 .debug_line    0x0000000000009d0c      0xd4c ./Drivers/STM32F1xx_HAL_Driver/Src/stm32f1xx_hal_rcc.o
 .debug_line    0x000000000000aa58      0x88a ./Drivers/STM32F1xx_HAL_Driver/Src/stm32f1xx_hal_rcc_ex.o
 .debug_line    0x000000000000b2e2     0x32f4 ./Drivers/STM32F1xx_HAL_Driver/Src/stm32f1xx_hal_tim.o
 .debug_line    0x000000000000e5d6     0x1866 ./Drivers/STM32F1xx_HAL_Driver/Src/stm32f1xx_hal_tim_ex.o
 .debug_line    0x000000000000fe3c     0x11d6 ./Middlewares/Third_Party/FreeRTOS/Source/CMSIS_RTOS/cmsis_os.o
 .debug_line    0x0000000000011012      0x711 ./Middlewares/Third_Party/FreeRTOS/Source/list.o