../Core/Src/NOKIA5110_fb.c:126:6:cmd_LCD	24	static
../Core/Src/NOKIA5110_fb.c:147:6:data_LCD	24	static
../Core/Src/NOKIA5110_fb.c:168:6:inic_LCD	8	static
../Core/Src/NOKIA5110_fb.c:184:6:goto_XY	0	static
../Core/Src/NOKIA5110_fb.c:192:6:escreve2fb	8	static
../Core/Src/NOKIA5110_fb.c:200:6:imprime_LCD	16	static
../Core/Src/NOKIA5110_fb.c:212:6:caractere_LCD	12	static
../Core/Src/NOKIA5110_fb.c:228:6:string_LCD	28	static
../Core/Src/NOKIA5110_fb.c:234:6:string_LCD_Nr	48	static
../Core/Src/NOKIA5110_fb.c:266:6:limpa_LCD	0	static
../Core/Src/NOKIA5110_fb.c:276:6:desenha_pixel	0	static
../Core/Src/NOKIA5110_fb.c:296:6:desenha_linha	32	static
../Core/Src/NOKIA5110_fb.c:375:6:desenha_circulo	48	static
../Core/Src/NOKIA5110_fb.c:426:6:desenha_retangulo	88	static
../Core/Src/NOKIA5110_fb.c:474:6:desenha_triangulo	72	static
../Core/Src/NOKIA5110_fb.c:521:6:desenha_fig	56	static
../Core/Src/NOKIA5110_fb.c:590:6:escreve_Nr_Peq	112	static
